Product: MDK-ARM Professional 5.10
Component: ARM Compiler 5.04 update 1 (build 49)
Tool: armlink [5040049]

==============================================================================

Section Cross References

    startup_stm32f103xe.o(RESET) refers to startup_stm32f103xe.o(STACK) for __initial_sp
    startup_stm32f103xe.o(RESET) refers to startup_stm32f103xe.o(.text) for Reset_Handler
    startup_stm32f103xe.o(RESET) refers to stm32f1xx_it.o(i.NMI_Handler) for NMI_Handler
    startup_stm32f103xe.o(RESET) refers to stm32f1xx_it.o(i.HardFault_Handler) for HardFault_Handler
    startup_stm32f103xe.o(RESET) refers to stm32f1xx_it.o(i.MemManage_Handler) for MemManage_Handler
    startup_stm32f103xe.o(RESET) refers to stm32f1xx_it.o(i.BusFault_Handler) for BusFault_Handler
    startup_stm32f103xe.o(RESET) refers to stm32f1xx_it.o(i.UsageFault_Handler) for UsageFault_Handler
    startup_stm32f103xe.o(RESET) refers to stm32f1xx_it.o(i.SVC_Handler) for SVC_Handler
    startup_stm32f103xe.o(RESET) refers to stm32f1xx_it.o(i.DebugMon_Handler) for DebugMon_Handler
    startup_stm32f103xe.o(RESET) refers to stm32f1xx_it.o(i.PendSV_Handler) for PendSV_Handler
    startup_stm32f103xe.o(RESET) refers to stm32f1xx_it.o(i.SysTick_Handler) for SysTick_Handler
    startup_stm32f103xe.o(RESET) refers to stm32f1xx_it.o(i.DMA1_Channel5_IRQHandler) for DMA1_Channel5_IRQHandler
    startup_stm32f103xe.o(RESET) refers to stm32f1xx_it.o(i.USART1_IRQHandler) for USART1_IRQHandler
    startup_stm32f103xe.o(.text) refers to system_stm32f1xx.o(i.SystemInit) for SystemInit
    startup_stm32f103xe.o(.text) refers to entry.o(.ARM.Collect$$$$00000000) for __main
    at_esp8266.o(i.ESP_CheckWifiConnect) refers to at_esp8266.o(i.ESP_SendCommand) for ESP_SendCommand
    at_esp8266.o(i.ESP_CheckWifiConnect) refers to stm32f1xx_hal.o(i.HAL_Delay) for HAL_Delay
    at_esp8266.o(i.ESP_CheckWifiConnect) refers to strstr.o(.text) for strstr
    at_esp8266.o(i.ESP_CheckWifiConnect) refers to at_esp8266.o(.data) for .data
    at_esp8266.o(i.ESP_CloseConnect) refers to memseta.o(.text) for __aeabi_memclr4
    at_esp8266.o(i.ESP_CloseConnect) refers to printfa.o(i.__0sprintf) for __2sprintf
    at_esp8266.o(i.ESP_CloseConnect) refers to at_esp8266.o(i.ESP_SendCommand) for ESP_SendCommand
    at_esp8266.o(i.ESP_CloseConnect) refers to at_esp8266.o(.data) for .data
    at_esp8266.o(i.ESP_CloseServer) refers to at_esp8266.o(i.ESP_SendCommand) for ESP_SendCommand
    at_esp8266.o(i.ESP_CloseTransparent) refers to stm32f1xx_hal_uart.o(i.HAL_UART_Transmit) for HAL_UART_Transmit
    at_esp8266.o(i.ESP_CloseTransparent) refers to stm32f1xx_hal.o(i.HAL_Delay) for HAL_Delay
    at_esp8266.o(i.ESP_CloseTransparent) refers to at_esp8266.o(i.ESP_CloseConnect) for ESP_CloseConnect
    at_esp8266.o(i.ESP_CloseTransparent) refers to at_esp8266.o(.bss) for .bss
    at_esp8266.o(i.ESP_Init) refers to memcpya.o(.text) for __aeabi_memcpy4
    at_esp8266.o(i.ESP_Init) refers to at_esp8266.o(i.ESP_CloseTransparent) for ESP_CloseTransparent
    at_esp8266.o(i.ESP_Init) refers to memseta.o(.text) for __aeabi_memclr4
    at_esp8266.o(i.ESP_Init) refers to printfa.o(i.__0sprintf) for __2sprintf
    at_esp8266.o(i.ESP_Init) refers to at_esp8266.o(i.ESP_SendCommand) for ESP_SendCommand
    at_esp8266.o(i.ESP_Init) refers to stm32f1xx_hal.o(i.HAL_Delay) for HAL_Delay
    at_esp8266.o(i.ESP_Init) refers to at_esp8266.o(i.ESP_SetIP) for ESP_SetIP
    at_esp8266.o(i.ESP_Init) refers to at_esp8266.o(.data) for .data
    at_esp8266.o(i.ESP_Init) refers to at_esp8266.o(.bss) for .bss
    at_esp8266.o(i.ESP_SendCommand) refers to strlen.o(.text) for strlen
    at_esp8266.o(i.ESP_SendCommand) refers to memseta.o(.text) for __aeabi_memclr4
    at_esp8266.o(i.ESP_SendCommand) refers to printfa.o(i.__0sprintf) for __2sprintf
    at_esp8266.o(i.ESP_SendCommand) refers to stm32f1xx_hal_uart.o(i.HAL_UART_Transmit) for HAL_UART_Transmit
    at_esp8266.o(i.ESP_SendCommand) refers to at_esp8266.o(.bss) for .bss
    at_esp8266.o(i.ESP_SendData) refers to strlen.o(.text) for strlen
    at_esp8266.o(i.ESP_SendData) refers to memseta.o(.text) for __aeabi_memclr4
    at_esp8266.o(i.ESP_SendData) refers to printfa.o(i.__0sprintf) for __2sprintf
    at_esp8266.o(i.ESP_SendData) refers to at_esp8266.o(i.ESP_SendCommand) for ESP_SendCommand
    at_esp8266.o(i.ESP_SendData) refers to stm32f1xx_hal.o(i.HAL_Delay) for HAL_Delay
    at_esp8266.o(i.ESP_SendData) refers to stm32f1xx_hal_uart.o(i.HAL_UART_Transmit) for HAL_UART_Transmit
    at_esp8266.o(i.ESP_SendData) refers to at_esp8266.o(.data) for .data
    at_esp8266.o(i.ESP_SendData) refers to at_esp8266.o(.bss) for .bss
    at_esp8266.o(i.ESP_SetIP) refers to memseta.o(.text) for __aeabi_memclr4
    at_esp8266.o(i.ESP_SetIP) refers to printfa.o(i.__0sprintf) for __2sprintf
    at_esp8266.o(i.ESP_SetIP) refers to at_esp8266.o(i.ESP_SendCommand) for ESP_SendCommand
    at_esp8266.o(i.ESP_SetIP) refers to stm32f1xx_hal.o(i.HAL_Delay) for HAL_Delay
[...]
    ../fplib/microlib/f2d.c                  0x00000000   Number         0  f2d.o ABSOLUTE
    ../fplib/microlib/fpadd.c                0x00000000   Number         0  fadd.o ABSOLUTE
    ../fplib/microlib/fpadd.c                0x00000000   Number         0  dadd.o ABSOLUTE
    ../fplib/microlib/fpdiv.c                0x00000000   Number         0  fdiv.o ABSOLUTE
    ../fplib/microlib/fpdiv.c                0x00000000   Number         0  ddiv.o ABSOLUTE
    ../fplib/microlib/fpepilogue.c           0x00000000   Number         0  depilogue.o ABSOLUTE
    ../fplib/microlib/fpepilogue.c           0x00000000   Number         0  fepilogue.o ABSOLUTE
    ../fplib/microlib/fpfix.c                0x00000000   Number         0  dfixul.o ABSOLUTE
    ../fplib/microlib/fpfix.c                0x00000000   Number         0  ffixir.o ABSOLUTE
    ../fplib/microlib/fpfix.c                0x00000000   Number         0  dfixi.o ABSOLUTE
    ../fplib/microlib/fpflt.c                0x00000000   Number         0  dfltui.o ABSOLUTE
    ../fplib/microlib/fpflt.c                0x00000000   Number         0  dflti.o ABSOLUTE
    ../fplib/microlib/fpflt.c                0x00000000   Number         0  ffltui.o ABSOLUTE
    ../fplib/microlib/fpflt.c                0x00000000   Number         0  fflti.o ABSOLUTE
    ../fplib/microlib/fpmul.c                0x00000000   Number         0  fmul.o ABSOLUTE
    ../fplib/microlib/fpmul.c                0x00000000   Number         0  dmul.o ABSOLUTE
    ../fplib/microlib/fprnd.c                0x00000000   Number         0  drnd.o ABSOLUTE
    ../fplib/microlib/fpscalb.c              0x00000000   Number         0  fscalb.o ABSOLUTE
    ../fplib/microlib/fpscalb.c              0x00000000   Number         0  dscalb.o ABSOLUTE
    ../fplib/microlib/fpsqrt.c               0x00000000   Number         0  dsqrt.o ABSOLUTE
    ../fplib/microlib/fpsqrt.c               0x00000000   Number         0  fsqrt.o ABSOLUTE
    ../fplib/microlib/fpstat.c               0x00000000   Number         0  fpstat.o ABSOLUTE
    ../mathlib/asin.c                        0x00000000   Number         0  asin.o ABSOLUTE
    ../mathlib/asin.c                        0x00000000   Number         0  asin_x.o ABSOLUTE
    ../mathlib/atan.c                        0x00000000   Number         0  atan_x.o ABSOLUTE
    ../mathlib/atan.c                        0x00000000   Number         0  atan.o ABSOLUTE
    ../mathlib/atan2.c                       0x00000000   Number         0  atan2_x.o ABSOLUTE
    ../mathlib/atan2.c                       0x00000000   Number         0  atan2.o ABSOLUTE
    ../mathlib/atanf.c                       0x00000000   Number         0  atanf_x.o ABSOLUTE
    ../mathlib/atanf.c                       0x00000000   Number         0  atanf.o ABSOLUTE
    ../mathlib/cos.c                         0x00000000   Number         0  cos_x.o ABSOLUTE
    ../mathlib/cos.c                         0x00000000   Number         0  cos.o ABSOLUTE
    ../mathlib/cos_i.c                       0x00000000   Number         0  cos_i.o ABSOLUTE
    ../mathlib/dunder.c                      0x00000000   Number         0  dunder.o ABSOLUTE
    ../mathlib/fpclassify.c                  0x00000000   Number         0  fpclassify.o ABSOLUTE
    ../mathlib/fpclassifyf.c                 0x00000000   Number         0  fpclassifyf.o ABSOLUTE
    ../mathlib/funder.c                      0x00000000   Number         0  funder.o ABSOLUTE
    ../mathlib/poly.c                        0x00000000   Number         0  poly.o ABSOLUTE
    ../mathlib/powf.c                        0x00000000   Number         0  powf_x.o ABSOLUTE
    ../mathlib/powf.c                        0x00000000   Number         0  powf.o ABSOLUTE
    ../mathlib/qnan.c                        0x00000000   Number         0  qnan.o ABSOLUTE
    ../mathlib/round.c                       0x00000000   Number         0  round.o ABSOLUTE
    ../mathlib/rred.c                        0x00000000   Number         0  rred.o ABSOLUTE
    ../mathlib/sin.c                         0x00000000   Number         0  sin.o ABSOLUTE
    ../mathlib/sin.c                         0x00000000   Number         0  sin_x.o ABSOLUTE
    ../mathlib/sin_i.c                       0x00000000   Number         0  sin_i_x.o ABSOLUTE
    ../mathlib/sin_i.c                       0x00000000   Number         0  sin_i.o ABSOLUTE
    ../mathlib/sqrt.c                        0x00000000   Number         0  sqrt.o ABSOLUTE
    ../mathlib/sqrt.c                        0x00000000   Number         0  sqrt_x.o ABSOLUTE
    ../mathlib/sqrtf.c                       0x00000000   Number         0  sqrtf.o ABSOLUTE
    ../mathlib/sqrtf.c                       0x00000000   Number         0  sqrtf_x.o ABSOLUTE
    ..\Core\Src\AT_Esp8266.c                 0x00000000   Number         0  at_esp8266.o ABSOLUTE
    ..\Core\Src\TJ_MPU6050.c                 0x00000000   Number         0  tj_mpu6050.o ABSOLUTE
    ..\Core\Src\kalman.c                     0x00000000   Number         0  kalman.o ABSOLUTE
    ..\Core\Src\main.c                       0x00000000   Number         0  main.o ABSOLUTE
    ..\Core\Src\stm32f1xx_hal_msp.c          0x00000000   Number         0  stm32f1xx_hal_msp.o ABSOLUTE
    ..\Core\Src\stm32f1xx_it.c               0x00000000   Number         0  stm32f1xx_it.o ABSOLUTE
    ..\Core\Src\system_stm32f1xx.c           0x00000000   Number         0  system_stm32f1xx.o ABSOLUTE
    ..\Core\Src\tinhtoan.c                   0x00000000   Number         0  tinhtoan.o ABSOLUTE
    ..\Drivers\STM32F1xx_HAL_Driver\Src\stm32f1xx_hal.c 0x00000000   Number         0  stm32f1xx_hal.o ABSOLUTE
    ..\Drivers\STM32F1xx_HAL_Driver\Src\stm32f1xx_hal_cortex.c 0x00000000   Number         0  stm32f1xx_hal_cortex.o ABSOLUTE
    ..\Drivers\STM32F1xx_HAL_Driver\Src\stm32f1xx_hal_dma.c 0x00000000   Number         0  stm32f1xx_hal_dma.o ABSOLUTE
    ..\Drivers\STM32F1xx_HAL_Driver\Src\stm32f1xx_hal_exti.c 0x00000000   Number         0  stm32f1xx_hal_exti.o ABSOLUTE
    ..\Drivers\STM32F1xx_HAL_Driver\Src\stm32f1xx_hal_flash.c 0x00000000   Number         0  stm32f1xx_hal_flash.o ABSOLUTE
    ..\Drivers\STM32F1xx_HAL_Driver\Src\stm32f1xx_hal_flash_ex.c 0x00000000   Number         0  stm32f1xx_hal_flash_ex.o ABSOLUTE
    ..\Drivers\STM32F1xx_HAL_Driver\Src\stm32f1xx_hal_gpio.c 0x00000000   Number         0  stm32f1xx_hal_gpio.o ABSOLUTE
    ..\Drivers\STM32F1xx_HAL_Driver\Src\stm32f1xx_hal_gpio_ex.c 0x00000000   Number         0  stm32f1xx_hal_gpio_ex.o ABSOLUTE
    ..\Drivers\STM32F1xx_HAL_Driver\Src\stm32f1xx_hal_i2c.c 0x00000000   Number         0  stm32f1xx_hal_i2c.o ABSOLUTE
    ..\Drivers\STM32F1xx_HAL_Driver\Src\stm32f1xx_hal_pwr.c 0x00000000   Number         0  stm32f1xx_hal_pwr.o ABSOLUTE
    ..\Drivers\STM32F1xx_HAL_Driver\Src\stm32f1xx_hal_rcc.c 0x00000000   Number         0  stm32f1xx_hal_rcc.o ABSOLUTE
    ..\Drivers\STM32F1xx_HAL_Driver\Src\stm32f1xx_hal_rcc_ex.c 0x00000000   Number         0  stm32f1xx_hal_rcc_ex.o ABSOLUTE
    ..\Drivers\STM32F1xx_HAL_Driver\Src\stm32f1xx_hal_tim.c 0x00000000   Number         0  stm32f1xx_hal_tim.o ABSOLUTE
    ..\Drivers\STM32F1xx_HAL_Driver\Src\stm32f1xx_hal_tim_ex.c 0x00000000   Number         0  stm32f1xx_hal_tim_ex.o ABSOLUTE
    ..\Drivers\STM32F1xx_HAL_Driver\Src\stm32f1xx_hal_uart.c 0x00000000   Number         0  stm32f1xx_hal_uart.o ABSOLUTE
    ..\\Core\\Src\\AT_Esp8266.c              0x00000000   Number         0  at_esp8266.o ABSOLUTE
    ..\\Core\\Src\\TJ_MPU6050.c              0x00000000   Number         0  tj_mpu6050.o ABSOLUTE
    cdcmple.s                                0x00000000   Number         0  cdcmple.o ABSOLUTE
    cdrcmple.s                               0x00000000   Number         0  cdrcmple.o ABSOLUTE
    cfcmple.s                                0x00000000   Number         0  cfcmple.o ABSOLUTE
    dc.s                                     0x00000000   Number         0  dc.o ABSOLUTE
    handlers.s                               0x00000000   Number         0  handlers.o ABSOLUTE
    init.s                                   0x00000000   Number         0  init.o ABSOLUTE
    startup_stm32f103xe.s                    0x00000000   Number         0  startup_stm32f103xe.o ABSOLUTE
    RESET                                    0x08000000   Section      304  startup_stm32f103xe.o(RESET)
    .ARM.Collect$$$$00000000                 0x08000130   Section        0  entry.o(.ARM.Collect$$$$00000000)
    .ARM.Collect$$$$00000001                 0x08000130   Section        4  entry2.o(.ARM.Collect$$$$00000001)
    .ARM.Collect$$$$00000004                 0x08000134   Section        4  entry5.o(.ARM.Collect$$$$00000004)
    .ARM.Collect$$$$00000008                 0x08000138   Section        0  entry7b.o(.ARM.Collect$$$$00000008)
    .ARM.Collect$$$$0000000A                 0x08000138   Section        0  entry8b.o(.ARM.Collect$$$$0000000A)
    .ARM.Collect$$$$0000000B                 0x08000138   Section        8  entry9a.o(.ARM.Collect$$$$0000000B)
    .ARM.Collect$$$$0000000D                 0x08000140   Section        0  entry10a.o(.ARM.Collect$$$$0000000D)
    .ARM.Collect$$$$0000000F                 0x08000140   Section        0  entry11a.o(.ARM.Collect$$$$0000000F)
    .ARM.Collect$$$$00002712                 0x08000140   Section        4  entry2.o(.ARM.Collect$$$$00002712)
    __lit__00000000                          0x08000140   Data           4  entry2.o(.ARM.Collect$$$$00002712)
    .text                                    0x08000144   Section       36  startup_stm32f103xe.o(.text)
    .text                                    0x08000168   Section        0  llushr.o(.text)
    .text                                    0x08000188   Section        0  memcpya.o(.text)
    .text                                    0x080001ac   Section        0  memseta.o(.text)
    .text                                    0x080001d0   Section        0  strstr.o(.text)
    .text                                    0x080001f4   Section        0  strlen.o(.text)
    .text                                    0x08000202   Section        0  fadd.o(.text)
    .text                                    0x080002b2   Section        0  fmul.o(.text)
    .text                                    0x08000316   Section        0  fdiv.o(.text)
    .text                                    0x08000392   Section        0  fscalb.o(.text)
    .text                                    0x080003aa   Section        0  dadd.o(.text)
    .text                                    0x080004f8   Section        0  dmul.o(.text)
    .text                                    0x080005dc   Section        0  ddiv.o(.text)
    .text                                    0x080006ba   Section        0  dscalb.o(.text)
    .text                                    0x080006e8   Section        0  fflti.o(.text)
    .text                                    0x080006fa   Section        0  ffltui.o(.text)
    .text                                    0x08000704   Section        0  dflti.o(.text)
    .text                                    0x08000726   Section        0  dfixi.o(.text)
    .text                                    0x08000764   Section        0  f2d.o(.text)
    .text                                    0x0800078a   Section        0  d2f.o(.text)
    .text                                    0x080007c2   Section        0  uidiv.o(.text)
    .text                                    0x080007ee   Section        0  uldiv.o(.text)
    .text                                    0x08000850   Section        0  llshl.o(.text)
    .text                                    0x0800086e   Section        0  llsshr.o(.text)
    .text                                    0x08000892   Section        0  iusefp.o(.text)
    .text                                    0x08000892   Section        0  fepilogue.o(.text)
    .text                                    0x08000900   Section        0  depilogue.o(.text)
    .text                                    0x080009b6   Section        0  dsqrt.o(.text)
    .text                                    0x08000a58   Section        0  dfixul.o(.text)
    .text                                    0x08000a88   Section       40  cdrcmple.o(.text)
    .text                                    0x08000ab0   Section       36  init.o(.text)
    .text                                    0x08000ad4   Section        0  dfltui.o(.text)
    i.BusFault_Handler                       0x08000aee   Section        0  stm32f1xx_it.o(i.BusFault_Handler)
    i.CalibrateMPU6050                       0x08000af0   Section        0  tj_mpu6050.o(i.CalibrateMPU6050)
    i.DMA1_Channel5_IRQHandler               0x08000be8   Section        0  stm32f1xx_it.o(i.DMA1_Channel5_IRQHandler)
    i.DMA_SetConfig                          0x08000bf4   Section        0  stm32f1xx_hal_dma.o(i.DMA_SetConfig)
    DMA_SetConfig                            0x08000bf5   Thumb Code    42  stm32f1xx_hal_dma.o(i.DMA_SetConfig)
    i.DebugMon_Handler                       0x08000c1e   Section        0  stm32f1xx_it.o(i.DebugMon_Handler)
    i.ESP_CheckWifiConnect                   0x08000c20   Section        0  at_esp8266.o(i.ESP_CheckWifiConnect)
    i.ESP_CloseConnect                       0x08000c8c   Section        0  at_esp8266.o(i.ESP_CloseConnect)
    i.ESP_CloseTransparent                   0x08000ce0   Section        0  at_esp8266.o(i.ESP_CloseTransparent)
    i.ESP_Init                               0x08000d18   Section        0  at_esp8266.o(i.ESP_Init)
    i.ESP_SendCommand                        0x08000d98   Section        0  at_esp8266.o(i.ESP_SendCommand)
    i.ESP_SetIP                              0x08000dd4   Section        0  at_esp8266.o(i.ESP_SetIP)
    i.ESP_TCP_CreateTransparentMode          0x08000e30   Section        0  at_esp8266.o(i.ESP_TCP_CreateTransparentMode)
    i.ESP_TransparentSend                    0x08000efc   Section        0  at_esp8266.o(i.ESP_TransparentSend)
    i.ESP_WifiConnect                        0x08000f18   Section        0  at_esp8266.o(i.ESP_WifiConnect)
    i.Error_Handler                          0x08000f80   Section        0  main.o(i.Error_Handler)
    i.FLASH_MassErase                        0x08000f84   Section        0  stm32f1xx_hal_flash_ex.o(i.FLASH_MassErase)
    FLASH_MassErase                          0x08000f85   Thumb Code    26  stm32f1xx_hal_flash_ex.o(i.FLASH_MassErase)
    i.FLASH_PageErase                        0x08000fa8   Section        0  stm32f1xx_hal_flash_ex.o(i.FLASH_PageErase)
    i.FLASH_Program_HalfWord                 0x08000fcc   Section        0  stm32f1xx_hal_flash.o(i.FLASH_Program_HalfWord)
    FLASH_Program_HalfWord                   0x08000fcd   Thumb Code    20  stm32f1xx_hal_flash.o(i.FLASH_Program_HalfWord)
    i.FLASH_SetErrorCode                     0x08000fe8   Section        0  stm32f1xx_hal_flash.o(i.FLASH_SetErrorCode)
    FLASH_SetErrorCode                       0x08000fe9   Thumb Code    84  stm32f1xx_hal_flash.o(i.FLASH_SetErrorCode)
    i.FLASH_WaitForLastOperation             0x08001044   Section        0  stm32f1xx_hal_flash.o(i.FLASH_WaitForLastOperation)
    i.HAL_DMA_Abort                          0x08001098   Section        0  stm32f1xx_hal_dma.o(i.HAL_DMA_Abort)
    i.HAL_DMA_Abort_IT                       0x080010e0   Section        0  stm32f1xx_hal_dma.o(i.HAL_DMA_Abort_IT)
    i.HAL_DMA_IRQHandler                     0x08001210   Section        0  stm32f1xx_hal_dma.o(i.HAL_DMA_IRQHandler)
    i.HAL_DMA_Init                           0x08001458   Section        0  stm32f1xx_hal_dma.o(i.HAL_DMA_Init)
    i.HAL_DMA_Start_IT                       0x080014d4   Section        0  stm32f1xx_hal_dma.o(i.HAL_DMA_Start_IT)
    i.HAL_Delay                              0x08001544   Section        0  stm32f1xx_hal.o(i.HAL_Delay)
    i.HAL_FLASHEx_Erase                      0x08001568   Section        0  stm32f1xx_hal_flash_ex.o(i.HAL_FLASHEx_Erase)
    i.HAL_FLASH_Lock                         0x08001610   Section        0  stm32f1xx_hal_flash.o(i.HAL_FLASH_Lock)
    i.HAL_FLASH_Program                      0x08001624   Section        0  stm32f1xx_hal_flash.o(i.HAL_FLASH_Program)
    i.HAL_FLASH_Unlock                       0x080016a4   Section        0  stm32f1xx_hal_flash.o(i.HAL_FLASH_Unlock)
    i.HAL_GPIO_Init                          0x080016cc   Section        0  stm32f1xx_hal_gpio.o(i.HAL_GPIO_Init)
    i.HAL_GetTick                            0x080018c4   Section        0  stm32f1xx_hal.o(i.HAL_GetTick)
    i.HAL_I2C_Init                           0x080018d0   Section        0  stm32f1xx_hal_i2c.o(i.HAL_I2C_Init)
    i.HAL_I2C_Master_Receive                 0x08001a4c   Section        0  stm32f1xx_hal_i2c.o(i.HAL_I2C_Master_Receive)
    i.HAL_I2C_Master_Transmit                0x08001c90   Section        0  stm32f1xx_hal_i2c.o(i.HAL_I2C_Master_Transmit)
    i.HAL_I2C_MspInit                        0x08001dbc   Section        0  stm32f1xx_hal_msp.o(i.HAL_I2C_MspInit)
    i.HAL_IncTick                            0x08001e18   Section        0  stm32f1xx_hal.o(i.HAL_IncTick)
    i.HAL_Init                               0x08001e28   Section        0  stm32f1xx_hal.o(i.HAL_Init)
    i.HAL_InitTick                           0x08001e4c   Section        0  stm32f1xx_hal.o(i.HAL_InitTick)
    i.HAL_MspInit                            0x08001e8c   Section        0  stm32f1xx_hal_msp.o(i.HAL_MspInit)
    i.HAL_NVIC_EnableIRQ                     0x08001ec8   Section        0  stm32f1xx_hal_cortex.o(i.HAL_NVIC_EnableIRQ)
    i.HAL_NVIC_SetPriority                   0x08001ee4   Section        0  stm32f1xx_hal_cortex.o(i.HAL_NVIC_SetPriority)
    i.HAL_NVIC_SetPriorityGrouping           0x08001f24   Section        0  stm32f1xx_hal_cortex.o(i.HAL_NVIC_SetPriorityGrouping)
    i.HAL_RCC_ClockConfig                    0x08001f48   Section        0  stm32f1xx_hal_rcc.o(i.HAL_RCC_ClockConfig)
    i.HAL_RCC_GetPCLK1Freq                   0x08002074   Section        0  stm32f1xx_hal_rcc.o(i.HAL_RCC_GetPCLK1Freq)
    i.HAL_RCC_GetPCLK2Freq                   0x08002094   Section        0  stm32f1xx_hal_rcc.o(i.HAL_RCC_GetPCLK2Freq)
    i.HAL_RCC_GetSysClockFreq                0x080020b4   Section        0  stm32f1xx_hal_rcc.o(i.HAL_RCC_GetSysClockFreq)
    i.HAL_RCC_OscConfig                      0x08002120   Section        0  stm32f1xx_hal_rcc.o(i.HAL_RCC_OscConfig)
    i.HAL_SYSTICK_Config                     0x08002440   Section        0  stm32f1xx_hal_cortex.o(i.HAL_SYSTICK_Config)
    i.HAL_UARTEx_ReceiveToIdle_DMA           0x08002468   Section        0  stm32f1xx_hal_uart.o(i.HAL_UARTEx_ReceiveToIdle_DMA)
    i.HAL_UARTEx_RxEventCallback             0x080024b4   Section        0  main.o(i.HAL_UARTEx_RxEventCallback)
    i.HAL_UART_ErrorCallback                 0x080024f8   Section        0  stm32f1xx_hal_uart.o(i.HAL_UART_ErrorCallback)
    i.HAL_UART_IRQHandler                    0x080024fc   Section        0  stm32f1xx_hal_uart.o(i.HAL_UART_IRQHandler)
    i.HAL_UART_Init                          0x08002708   Section        0  stm32f1xx_hal_uart.o(i.HAL_UART_Init)
    i.HAL_UART_MspInit                       0x0800276c   Section        0  stm32f1xx_hal_msp.o(i.HAL_UART_MspInit)
    i.HAL_UART_RxCpltCallback                0x0800281c   Section        0  stm32f1xx_hal_uart.o(i.HAL_UART_RxCpltCallback)
    i.HAL_UART_RxHalfCpltCallback            0x0800281e   Section        0  stm32f1xx_hal_uart.o(i.HAL_UART_RxHalfCpltCallback)
    i.HAL_UART_Transmit                      0x08002820   Section        0  stm32f1xx_hal_uart.o(i.HAL_UART_Transmit)
    i.HAL_UART_TxCpltCallback                0x080028d2   Section        0  stm32f1xx_hal_uart.o(i.HAL_UART_TxCpltCallback)
    i.HardFault_Handler                      0x080028d4   Section        0  stm32f1xx_it.o(i.HardFault_Handler)
    i.I2C_IsAcknowledgeFailed                0x080028d6   Section        0  stm32f1xx_hal_i2c.o(i.I2C_IsAcknowledgeFailed)
    I2C_IsAcknowledgeFailed                  0x080028d7   Thumb Code    46  stm32f1xx_hal_i2c.o(i.I2C_IsAcknowledgeFailed)
    i.I2C_MasterRequestRead                  0x08002904   Section        0  stm32f1xx_hal_i2c.o(i.I2C_MasterRequestRead)
    I2C_MasterRequestRead                    0x08002905   Thumb Code   230  stm32f1xx_hal_i2c.o(i.I2C_MasterRequestRead)
    i.I2C_MasterRequestWrite                 0x080029f0   Section        0  stm32f1xx_hal_i2c.o(i.I2C_MasterRequestWrite)
    I2C_MasterRequestWrite                   0x080029f1   Thumb Code   150  stm32f1xx_hal_i2c.o(i.I2C_MasterRequestWrite)
    i.I2C_Read                               0x08002a8c   Section        0  tj_mpu6050.o(i.I2C_Read)
    i.I2C_WaitOnBTFFlagUntilTimeout          0x08002acc   Section        0  stm32f1xx_hal_i2c.o(i.I2C_WaitOnBTFFlagUntilTimeout)
    I2C_WaitOnBTFFlagUntilTimeout            0x08002acd   Thumb Code    76  stm32f1xx_hal_i2c.o(i.I2C_WaitOnBTFFlagUntilTimeout)
    i.I2C_WaitOnFlagUntilTimeout             0x08002b18   Section        0  stm32f1xx_hal_i2c.o(i.I2C_WaitOnFlagUntilTimeout)
    I2C_WaitOnFlagUntilTimeout               0x08002b19   Thumb Code   104  stm32f1xx_hal_i2c.o(i.I2C_WaitOnFlagUntilTimeout)
    i.I2C_WaitOnMasterAddressFlagUntilTimeout 0x08002b80   Section        0  stm32f1xx_hal_i2c.o(i.I2C_WaitOnMasterAddressFlagUntilTimeout)
    I2C_WaitOnMasterAddressFlagUntilTimeout  0x08002b81   Thumb Code   150  stm32f1xx_hal_i2c.o(i.I2C_WaitOnMasterAddressFlagUntilTimeout)
    i.I2C_WaitOnRXNEFlagUntilTimeout         0x08002c16   Section        0  stm32f1xx_hal_i2c.o(i.I2C_WaitOnRXNEFlagUntilTimeout)
    I2C_WaitOnRXNEFlagUntilTimeout           0x08002c17   Thumb Code   102  stm32f1xx_hal_i2c.o(i.I2C_WaitOnRXNEFlagUntilTimeout)
    i.I2C_WaitOnTXEFlagUntilTimeout          0x08002c7c   Section        0  stm32f1xx_hal_i2c.o(i.I2C_WaitOnTXEFlagUntilTimeout)
    I2C_WaitOnTXEFlagUntilTimeout            0x08002c7d   Thumb Code    76  stm32f1xx_hal_i2c.o(i.I2C_WaitOnTXEFlagUntilTimeout)
    i.I2C_Write8                             0x08002cc8   Section        0  tj_mpu6050.o(i.I2C_Write8)
    i.KalmanFilter                           0x08002cf4   Section        0  kalman.o(i.KalmanFilter)
    i.LienhopQuat                            0x08002d7c   Section        0  tinhtoan.o(i.LienhopQuat)
    i.MPU6050_Config                         0x08002d94   Section        0  tj_mpu6050.o(i.MPU6050_Config)
    i.MPU6050_Init                           0x08002e58   Section        0  tj_mpu6050.o(i.MPU6050_Init)
    i.MPU6050_Set_SMPRT_DIV                  0x08002e74   Section        0  tj_mpu6050.o(i.MPU6050_Set_SMPRT_DIV)
    i.Madgwick                               0x08002e7c   Section        0  tinhtoan.o(i.Madgwick)
    i.MemManage_Handler                      0x080033c8   Section        0  stm32f1xx_it.o(i.MemManage_Handler)
    i.NMI_Handler                            0x080033ca   Section        0  stm32f1xx_it.o(i.NMI_Handler)
    i.NhanQuat                               0x080033cc   Section        0  tinhtoan.o(i.NhanQuat)
    i.PendSV_Handler                         0x080034e4   Section        0  stm32f1xx_it.o(i.PendSV_Handler)
    i.Q_init                                 0x080034e8   Section        0  tinhtoan.o(i.Q_init)
    i.ReadI2C_MPU                            0x08003750   Section        0  tj_mpu6050.o(i.ReadI2C_MPU)
    i.SVC_Handler                            0x080037c8   Section        0  stm32f1xx_it.o(i.SVC_Handler)
    i.Soft_Offset                            0x080037cc   Section        0  tj_mpu6050.o(i.Soft_Offset)
    i.Soft_SetOffset                         0x08003820   Section        0  tj_mpu6050.o(i.Soft_SetOffset)
    i.SysTick_Handler                        0x080038e4   Section        0  stm32f1xx_it.o(i.SysTick_Handler)
    i.SystemClock_Config                     0x080038e8   Section        0  main.o(i.SystemClock_Config)
    i.SystemInit                             0x08003938   Section        0  system_stm32f1xx.o(i.SystemInit)
    i.UART_DMAAbortOnError                   0x0800393a   Section        0  stm32f1xx_hal_uart.o(i.UART_DMAAbortOnError)
    UART_DMAAbortOnError                     0x0800393b   Thumb Code    16  stm32f1xx_hal_uart.o(i.UART_DMAAbortOnError)
    i.UART_DMAError                          0x0800394a   Section        0  stm32f1xx_hal_uart.o(i.UART_DMAError)
    UART_DMAError                            0x0800394b   Thumb Code    74  stm32f1xx_hal_uart.o(i.UART_DMAError)
    i.UART_DMAReceiveCplt                    0x08003994   Section        0  stm32f1xx_hal_uart.o(i.UART_DMAReceiveCplt)
    UART_DMAReceiveCplt                      0x08003995   Thumb Code    90  stm32f1xx_hal_uart.o(i.UART_DMAReceiveCplt)
    i.UART_DMARxHalfCplt                     0x080039ee   Section        0  stm32f1xx_hal_uart.o(i.UART_DMARxHalfCplt)
    UART_DMARxHalfCplt                       0x080039ef   Thumb Code    26  stm32f1xx_hal_uart.o(i.UART_DMARxHalfCplt)
    i.UART_EndRxTransfer                     0x08003a08   Section        0  stm32f1xx_hal_uart.o(i.UART_EndRxTransfer)
    UART_EndRxTransfer                       0x08003a09   Thumb Code    48  stm32f1xx_hal_uart.o(i.UART_EndRxTransfer)
    i.UART_EndTxTransfer                     0x08003a38   Section        0  stm32f1xx_hal_uart.o(i.UART_EndTxTransfer)
    UART_EndTxTransfer                       0x08003a39   Thumb Code    18  stm32f1xx_hal_uart.o(i.UART_EndTxTransfer)
    i.UART_Receive_IT                        0x08003a4a   Section        0  stm32f1xx_hal_uart.o(i.UART_Receive_IT)
    UART_Receive_IT                          0x08003a4b   Thumb Code   182  stm32f1xx_hal_uart.o(i.UART_Receive_IT)
    i.UART_SetConfig                         0x08003b00   Section        0  stm32f1xx_hal_uart.o(i.UART_SetConfig)
    UART_SetConfig                           0x08003b01   Thumb Code   136  stm32f1xx_hal_uart.o(i.UART_SetConfig)
    i.UART_Start_Receive_DMA                 0x08003b8c   Section        0  stm32f1xx_hal_uart.o(i.UART_Start_Receive_DMA)
    i.UART_WaitOnFlagUntilTimeout            0x08003bfc   Section        0  stm32f1xx_hal_uart.o(i.UART_WaitOnFlagUntilTimeout)
    UART_WaitOnFlagUntilTimeout              0x08003bfd   Thumb Code   100  stm32f1xx_hal_uart.o(i.UART_WaitOnFlagUntilTimeout)
    i.USART1_IRQHandler                      0x08003c60   Section        0  stm32f1xx_it.o(i.USART1_IRQHandler)
    i.UsageFault_Handler                     0x08003c6c   Section        0  stm32f1xx_it.o(i.UsageFault_Handler)
    i.__0sprintf                             0x08003c70   Section        0  printfa.o(i.__0sprintf)
    i.__ARM_fpclassify                       0x08003c98   Section        0  fpclassify.o(i.__ARM_fpclassify)
    i.__NVIC_SetPriority                     0x08003cc0   Section        0  stm32f1xx_hal_cortex.o(i.__NVIC_SetPriority)
    __NVIC_SetPriority                       0x08003cc1   Thumb Code    32  stm32f1xx_hal_cortex.o(i.__NVIC_SetPriority)
    i.__ieee754_rem_pio2                     0x08003ce0   Section        0  rred.o(i.__ieee754_rem_pio2)
    i.__kernel_cos                           0x08004068   Section        0  cos_i.o(i.__kernel_cos)
    i.__kernel_poly                          0x08004164   Section        0  poly.o(i.__kernel_poly)
    i.__kernel_sin                           0x08004210   Section        0  sin_i.o(i.__kernel_sin)
    i.__mathlib_dbl_underflow                0x080042fc   Section        0  dunder.o(i.__mathlib_dbl_underflow)
    i.__scatterload_copy                     0x0800430c   Section       14  handlers.o(i.__scatterload_copy)
    i.__scatterload_null                     0x0800431a   Section        2  handlers.o(i.__scatterload_null)
    i.__scatterload_zeroinit                 0x0800431c   Section       14  handlers.o(i.__scatterload_zeroinit)
    i.__set_errno                            0x0800432c   Section        0  errno.o(i.__set_errno)
    i._fp_digits                             0x08004338   Section        0  printfa.o(i._fp_digits)
    _fp_digits                               0x08004339   Thumb Code   334  printfa.o(i._fp_digits)
    i._printf_core                           0x0800449c   Section        0  printfa.o(i._printf_core)
    _printf_core                             0x0800449d   Thumb Code  1744  printfa.o(i._printf_core)
    i._printf_post_padding                   0x08004b78   Section        0  printfa.o(i._printf_post_padding)
    _printf_post_padding                     0x08004b79   Thumb Code    36  printfa.o(i._printf_post_padding)
    i._printf_pre_padding                    0x08004b9c   Section        0  printfa.o(i._printf_pre_padding)
    _printf_pre_padding                      0x08004b9d   Thumb Code    46  printfa.o(i._printf_pre_padding)
    i._sputc                                 0x08004bca   Section        0  printfa.o(i._sputc)
    _sputc                                   0x08004bcb   Thumb Code    10  printfa.o(i._sputc)
    i.asin                                   0x08004bd4   Section        0  asin.o(i.asin)
    i.atan                                   0x08004e50   Section        0  atan.o(i.atan)
    i.atan2                                  0x08005074   Section        0  atan2.o(i.atan2)
    i.cos                                    0x080051f4   Section        0  cos.o(i.cos)
    i.goc_Euler_Quat                         0x080052a0   Section        0  tinhtoan.o(i.goc_Euler_Quat)
    i.main                                   0x080053b4   Section        0  main.o(i.main)
    i.sin                                    0x08005acc   Section        0  sin.o(i.sin)
    i.sqrt                                   0x08005b7c   Section        0  sqrt.o(i.sqrt)
    i.updateV_Quat                           0x08005bc8   Section        0  tinhtoan.o(i.updateV_Quat)
    .constdata                               0x08005c8c   Section       16  system_stm32f1xx.o(.constdata)
    .constdata                               0x08005c9c   Section        8  system_stm32f1xx.o(.constdata)
    .constdata                               0x08005ca8   Section       80  asin.o(.constdata)
    pS                                       0x08005ca8   Data          48  asin.o(.constdata)
    qS                                       0x08005cd8   Data          32  asin.o(.constdata)
    .constdata                               0x08005cf8   Section      152  atan.o(.constdata)
    atanhi                                   0x08005cf8   Data          32  atan.o(.constdata)
    atanlo                                   0x08005d18   Data          32  atan.o(.constdata)
    aTodd                                    0x08005d38   Data          40  atan.o(.constdata)
    aTeven                                   0x08005d60   Data          48  atan.o(.constdata)
    .constdata                               0x08005d90   Section       48  cos_i.o(.constdata)
    C                                        0x08005d90   Data          48  cos_i.o(.constdata)
    .constdata                               0x08005dc0   Section        8  qnan.o(.constdata)
    .constdata                               0x08005dc8   Section      200  rred.o(.constdata)
    pio2s                                    0x08005dc8   Data          48  rred.o(.constdata)
    twooverpi                                0x08005df8   Data         152  rred.o(.constdata)
    .constdata                               0x08005e90   Section       40  sin_i.o(.constdata)
    S                                        0x08005e90   Data          40  sin_i.o(.constdata)
    .conststring                             0x08005eb8   Section       34  main.o(.conststring)
    .data                                    0x20000000   Section       12  at_esp8266.o(.data)
    .data                                    0x2000000c   Section       81  main.o(.data)
    .data                                    0x2000005e   Section        2  main.o(.data)
    .data                                    0x20000060   Section       20  tinhtoan.o(.data)
    .data                                    0x20000074   Section       24  tj_mpu6050.o(.data)
    .data                                    0x2000008c   Section       24  kalman.o(.data)
    .data                                    0x200000a4   Section       12  stm32f1xx_hal.o(.data)
    .data                                    0x200000b0   Section        4  system_stm32f1xx.o(.data)
    .data                                    0x200000b4   Section        4  errno.o(.data)
    _errno                                   0x200000b4   Data           4  errno.o(.data)
    .bss                                     0x200000b8   Section       68  at_esp8266.o(.bss)
    MyUart                                   0x200000b8   Data          68  at_esp8266.o(.bss)
    .bss                                     0x200000fc   Section      352  main.o(.bss)
    .bss                                     0x2000025c   Section       68  main.o(.bss)
    .bss                                     0x200002a0   Section       68  tinhtoan.o(.bss)
    C                                        0x200002a0   Data          36  tinhtoan.o(.bss)
    .bss                                     0x200002e4   Section      108  tj_mpu6050.o(.bss)
    i2cHandler                               0x200002e4   Data          84  tj_mpu6050.o(.bss)
    .bss                                     0x20000350   Section       24  kalman.o(.bss)
    .bss                                     0x20000368   Section       32  stm32f1xx_hal_flash.o(.bss)
    STACK                                    0x20000388   Section     1024  startup_stm32f103xe.o(STACK)

    Global Symbols

    Symbol Name                              Value     Ov Type        Size  Object(Section)

    BuildAttributes$$THM_ISAv4$P$D$K$B$S$PE$A:L22UL41UL21$X:L11$S22US41US21$IEEE1$IW$USESV6$~STKCKD$USESV7$~SHL$OTIME$ROPI$IEEEX$EBA8$MICROLIB$REQ8$PRES8$EABIv2 0x00000000   Number         0  anon$$obj.o ABSOLUTE
    __ARM_use_no_argv                        0x00000000   Number         0  main.o ABSOLUTE
    _printf_a                                0x00000000   Number         0  stubs.o ABSOLUTE
    _printf_c                                0x00000000   Number         0  stubs.o ABSOLUTE
    _printf_charcount                        0x00000000   Number         0  stubs.o ABSOLUTE
    _printf_d                                0x00000000   Number         0  stubs.o ABSOLUTE
    _printf_e                                0x00000000   Number         0  stubs.o ABSOLUTE
    _printf_f                                0x00000000   Number         0  stubs.o ABSOLUTE
    _printf_flags                            0x00000000   Number         0  stubs.o ABSOLUTE
    _printf_fp_dec                           0x00000000   Number         0  stubs.o ABSOLUTE
    _printf_fp_hex                           0x00000000   Number         0  stubs.o ABSOLUTE
    _printf_g                                0x00000000   Number         0  stubs.o ABSOLUTE
    _printf_i                                0x00000000   Number         0  stubs.o ABSOLUTE
    _printf_int_dec                          0x00000000   Number         0  stubs.o ABSOLUTE
    _printf_l                                0x00000000   Number         0  stubs.o ABSOLUTE
    _printf_lc                               0x00000000   Number         0  stubs.o ABSOLUTE
    _printf_ll                               0x00000000   Number         0  stubs.o ABSOLUTE
    _printf_lld                              0x00000000   Number         0  stubs.o ABSOLUTE
    _printf_lli                              0x00000000   Number         0  stubs.o ABSOLUTE
    _printf_llo                              0x00000000   Number         0  stubs.o ABSOLUTE
    _printf_llu                              0x00000000   Number         0  stubs.o ABSOLUTE
    _printf_llx                              0x00000000   Number         0  stubs.o ABSOLUTE
    _printf_longlong_dec                     0x00000000   Number         0  stubs.o ABSOLUTE
    _printf_longlong_hex                     0x00000000   Number         0  stubs.o ABSOLUTE
    _printf_longlong_oct                     0x00000000   Number         0  stubs.o ABSOLUTE
    _printf_ls                               0x00000000   Number         0  stubs.o ABSOLUTE
    _printf_mbtowc                           0x00000000   Number         0  stubs.o ABSOLUTE
    _printf_n                                0x00000000   Number         0  stubs.o ABSOLUTE
    _printf_o                                0x00000000   Number         0  stubs.o ABSOLUTE
    _printf_p                                0x00000000   Number         0  stubs.o ABSOLUTE
    _printf_percent                          0x00000000   Number         0  stubs.o ABSOLUTE
    _printf_pre_padding                      0x00000000   Number         0  stubs.o ABSOLUTE
    _printf_return_value                     0x00000000   Number         0  stubs.o ABSOLUTE
    _printf_s                                0x00000000   Number         0  stubs.o ABSOLUTE
    _printf_sizespec                         0x00000000   Number         0  stubs.o ABSOLUTE
    _printf_str                              0x00000000   Number         0  stubs.o ABSOLUTE
    _printf_truncate_signed                  0x00000000   Number         0  stubs.o ABSOLUTE
    _printf_truncate_unsigned                0x00000000   Number         0  stubs.o ABSOLUTE
    _printf_u                                0x00000000   Number         0  stubs.o ABSOLUTE
    _printf_wc                               0x00000000   Number         0  stubs.o ABSOLUTE
    _printf_wctomb                           0x00000000   Number         0  stubs.o ABSOLUTE
    _printf_widthprec                        0x00000000   Number         0  stubs.o ABSOLUTE
    _printf_x                                0x00000000   Number         0  stubs.o ABSOLUTE
    __cpp_initialize__aeabi_                  - Undefined Weak Reference
    __cxa_finalize                            - Undefined Weak Reference
    __decompress                              - Undefined Weak Reference
    _clock_init                               - Undefined Weak Reference
    _microlib_exit                            - Undefined Weak Reference
    __Vectors_Size                           0x00000130   Number         0  startup_stm32f103xe.o ABSOLUTE
    __Vectors                                0x08000000   Data           4  startup_stm32f103xe.o(RESET)
    __Vectors_End                            0x08000130   Data           0  startup_stm32f103xe.o(RESET)
    __main                                   0x08000131   Thumb Code     0  entry.o(.ARM.Collect$$$$00000000)
    _main_stk                                0x08000131   Thumb Code     0  entry2.o(.ARM.Collect$$$$00000001)
    _main_scatterload                        0x08000135   Thumb Code     0  entry5.o(.ARM.Collect$$$$00000004)
    __main_after_scatterload                 0x08000139   Thumb Code     0  entry5.o(.ARM.Collect$$$$00000004)
    _main_clock                              0x08000139   Thumb Code     0  entry7b.o(.ARM.Collect$$$$00000008)
    _main_cpp_init                           0x08000139   Thumb Code     0  entry8b.o(.ARM.Collect$$$$0000000A)
    _main_init                               0x08000139   Thumb Code     0  entry9a.o(.ARM.Collect$$$$0000000B)
    __rt_final_cpp                           0x08000141   Thumb Code     0  entry10a.o(.ARM.Collect$$$$0000000D)
    __rt_final_exit                          0x08000141   Thumb Code     0  entry11a.o(.ARM.Collect$$$$0000000F)
    Reset_Handler                            0x08000145   Thumb Code     8  startup_stm32f103xe.o(.text)
    ADC1_2_IRQHandler                        0x0800015f   Thumb Code     0  startup_stm32f103xe.o(.text)
    ADC3_IRQHandler                          0x0800015f   Thumb Code     0  startup_stm32f103xe.o(.text)
    CAN1_RX1_IRQHandler                      0x0800015f   Thumb Code     0  startup_stm32f103xe.o(.text)
    CAN1_SCE_IRQHandler                      0x0800015f   Thumb Code     0  startup_stm32f103xe.o(.text)
    DMA1_Channel1_IRQHandler                 0x0800015f   Thumb Code     0  startup_stm32f103xe.o(.text)
    DMA1_Channel2_IRQHandler                 0x0800015f   Thumb Code     0  startup_stm32f103xe.o(.text)
    DMA1_Channel3_IRQHandler                 0x0800015f   Thumb Code     0  startup_stm32f103xe.o(.text)
    DMA1_Channel4_IRQHandler                 0x0800015f   Thumb Code     0  startup_stm32f103xe.o(.text)
    DMA1_Channel6_IRQHandler                 0x0800015f   Thumb Code     0  startup_stm32f103xe.o(.text)
    DMA1_Channel7_IRQHandler                 0x0800015f   Thumb Code     0  startup_stm32f103xe.o(.text)
    DMA2_Channel1_IRQHandler                 0x0800015f   Thumb Code     0  startup_stm32f103xe.o(.text)
    DMA2_Channel2_IRQHandler                 0x0800015f   Thumb Code     0  startup_stm32f103xe.o(.text)
    DMA2_Channel3_IRQHandler                 0x0800015f   Thumb Code     0  startup_stm32f103xe.o(.text)
    DMA2_Channel4_5_IRQHandler               0x0800015f   Thumb Code     0  startup_stm32f103xe.o(.text)
    EXTI0_IRQHandler                         0x0800015f   Thumb Code     0  startup_stm32f103xe.o(.text)
    EXTI15_10_IRQHandler                     0x0800015f   Thumb Code     0  startup_stm32f103xe.o(.text)
    EXTI1_IRQHandler                         0x0800015f   Thumb Code     0  startup_stm32f103xe.o(.text)
    EXTI2_IRQHandler                         0x0800015f   Thumb Code     0  startup_stm32f103xe.o(.text)
    EXTI3_IRQHandler                         0x0800015f   Thumb Code     0  startup_stm32f103xe.o(.text)
    EXTI4_IRQHandler                         0x0800015f   Thumb Code     0  startup_stm32f103xe.o(.text)
    EXTI9_5_IRQHandler                       0x0800015f   Thumb Code     0  startup_stm32f103xe.o(.text)
    FLASH_IRQHandler                         0x0800015f   Thumb Code     0  startup_stm32f103xe.o(.text)
    FSMC_IRQHandler                          0x0800015f   Thumb Code     0  startup_stm32f103xe.o(.text)
    I2C1_ER_IRQHandler                       0x0800015f   Thumb Code     0  startup_stm32f103xe.o(.text)
    I2C1_EV_IRQHandler                       0x0800015f   Thumb Code     0  startup_stm32f103xe.o(.text)
    I2C2_ER_IRQHandler                       0x0800015f   Thumb Code     0  startup_stm32f103xe.o(.text)
    I2C2_EV_IRQHandler                       0x0800015f   Thumb Code     0  startup_stm32f103xe.o(.text)
    PVD_IRQHandler                           0x0800015f   Thumb Code     0  startup_stm32f103xe.o(.text)
    RCC_IRQHandler                           0x0800015f   Thumb Code     0  startup_stm32f103xe.o(.text)
    RTC_Alarm_IRQHandler                     0x0800015f   Thumb Code     0  startup_stm32f103xe.o(.text)
    RTC_IRQHandler                           0x0800015f   Thumb Code     0  startup_stm32f103xe.o(.text)
    SDIO_IRQHandler                          0x0800015f   Thumb Code     0  startup_stm32f103xe.o(.text)
    SPI1_IRQHandler                          0x0800015f   Thumb Code     0  startup_stm32f103xe.o(.text)
    SPI2_IRQHandler                          0x0800015f   Thumb Code     0  startup_stm32f103xe.o(.text)
    SPI3_IRQHandler                          0x0800015f   Thumb Code     0  startup_stm32f103xe.o(.text)
    TAMPER_IRQHandler                        0x0800015f   Thumb Code     0  startup_stm32f103xe.o(.text)
    TIM1_BRK_IRQHandler                      0x0800015f   Thumb Code     0  startup_stm32f103xe.o(.text)
    TIM1_CC_IRQHandler                       0x0800015f   Thumb Code     0  startup_stm32f103xe.o(.text)
    TIM1_TRG_COM_IRQHandler                  0x0800015f   Thumb Code     0  startup_stm32f103xe.o(.text)
    TIM1_UP_IRQHandler                       0x0800015f   Thumb Code     0  startup_stm32f103xe.o(.text)
    TIM2_IRQHandler                          0x0800015f   Thumb Code     0  startup_stm32f103xe.o(.text)
    TIM3_IRQHandler                          0x0800015f   Thumb Code     0  startup_stm32f103xe.o(.text)
    TIM4_IRQHandler                          0x0800015f   Thumb Code     0  startup_stm32f103xe.o(.text)
    TIM5_IRQHandler                          0x0800015f   Thumb Code     0  startup_stm32f103xe.o(.text)
    TIM6_IRQHandler                          0x0800015f   Thumb Code     0  startup_stm32f103xe.o(.text)
    TIM7_IRQHandler                          0x0800015f   Thumb Code     0  startup_stm32f103xe.o(.text)
    TIM8_BRK_IRQHandler                      0x0800015f   Thumb Code     0  startup_stm32f103xe.o(.text)
    TIM8_CC_IRQHandler                       0x0800015f   Thumb Code     0  startup_stm32f103xe.o(.text)
    TIM8_TRG_COM_IRQHandler                  0x0800015f   Thumb Code     0  startup_stm32f103xe.o(.text)
    TIM8_UP_IRQHandler                       0x0800015f   Thumb Code     0  startup_stm32f103xe.o(.text)
    UART4_IRQHandler                         0x0800015f   Thumb Code     0  startup_stm32f103xe.o(.text)
    UART5_IRQHandler                         0x0800015f   Thumb Code     0  startup_stm32f103xe.o(.text)
    USART2_IRQHandler                        0x0800015f   Thumb Code     0  startup_stm32f103xe.o(.text)
    USART3_IRQHandler                        0x0800015f   Thumb Code     0  startup_stm32f103xe.o(.text)
    USBWakeUp_IRQHandler                     0x0800015f   Thumb Code     0  startup_stm32f103xe.o(.text)
    USB_HP_CAN1_TX_IRQHandler                0x0800015f   Thumb Code     0  startup_stm32f103xe.o(.text)
    USB_LP_CAN1_RX0_IRQHandler               0x0800015f   Thumb Code     0  startup_stm32f103xe.o(.text)
    WWDG_IRQHandler                          0x0800015f   Thumb Code     0  startup_stm32f103xe.o(.text)
    __aeabi_llsr                             0x08000169   Thumb Code    32  llushr.o(.text)
    _ll_ushift_r                             0x08000169   Thumb Code     0  llushr.o(.text)
    __aeabi_memcpy                           0x08000189   Thumb Code    36  memcpya.o(.text)
    __aeabi_memcpy4                          0x08000189   Thumb Code     0  memcpya.o(.text)
    __aeabi_memcpy8                          0x08000189   Thumb Code     0  memcpya.o(.text)
    __aeabi_memset                           0x080001ad   Thumb Code    14  memseta.o(.text)
    __aeabi_memset4                          0x080001ad   Thumb Code     0  memseta.o(.text)
    __aeabi_memset8                          0x080001ad   Thumb Code     0  memseta.o(.text)
    __aeabi_memclr                           0x080001bb   Thumb Code     4  memseta.o(.text)
    __aeabi_memclr4                          0x080001bb   Thumb Code     0  memseta.o(.text)
    __aeabi_memclr8                          0x080001bb   Thumb Code     0  memseta.o(.text)
    _memset$wrapper                          0x080001bf   Thumb Code    18  memseta.o(.text)
    strstr                                   0x080001d1   Thumb Code    36  strstr.o(.text)
    strlen                                   0x080001f5   Thumb Code    14  strlen.o(.text)
    __aeabi_fadd                             0x08000203   Thumb Code   164  fadd.o(.text)
    __aeabi_fsub                             0x080002a7   Thumb Code     6  fadd.o(.text)
    __aeabi_frsub                            0x080002ad   Thumb Code     6  fadd.o(.text)
    __aeabi_fmul                             0x080002b3   Thumb Code   100  fmul.o(.text)
    __aeabi_fdiv                             0x08000317   Thumb Code   124  fdiv.o(.text)
    __ARM_scalbnf                            0x08000393   Thumb Code    24  fscalb.o(.text)
    scalbnf                                  0x08000393   Thumb Code     0  fscalb.o(.text)
    __aeabi_dadd                             0x080003ab   Thumb Code   322  dadd.o(.text)
    __aeabi_dsub                             0x080004ed   Thumb Code     6  dadd.o(.text)
    __aeabi_drsub                            0x080004f3   Thumb Code     6  dadd.o(.text)
    __aeabi_dmul                             0x080004f9   Thumb Code   228  dmul.o(.text)
    __aeabi_ddiv                             0x080005dd   Thumb Code   222  ddiv.o(.text)
    __ARM_scalbn                             0x080006bb   Thumb Code    46  dscalb.o(.text)
    scalbn                                   0x080006bb   Thumb Code     0  dscalb.o(.text)
    __aeabi_i2f                              0x080006e9   Thumb Code    18  fflti.o(.text)
    __aeabi_ui2f                             0x080006fb   Thumb Code    10  ffltui.o(.text)
    __aeabi_i2d                              0x08000705   Thumb Code    34  dflti.o(.text)
    __aeabi_d2iz                             0x08000727   Thumb Code    62  dfixi.o(.text)
    __aeabi_f2d                              0x08000765   Thumb Code    38  f2d.o(.text)
    __aeabi_d2f                              0x0800078b   Thumb Code    56  d2f.o(.text)
    __aeabi_uidiv                            0x080007c3   Thumb Code     0  uidiv.o(.text)
    __aeabi_uidivmod                         0x080007c3   Thumb Code    44  uidiv.o(.text)
    __aeabi_uldivmod                         0x080007ef   Thumb Code    98  uldiv.o(.text)
    __aeabi_llsl                             0x08000851   Thumb Code    30  llshl.o(.text)
    _ll_shift_l                              0x08000851   Thumb Code     0  llshl.o(.text)
    __aeabi_lasr                             0x0800086f   Thumb Code    36  llsshr.o(.text)
    _ll_sshift_r                             0x0800086f   Thumb Code     0  llsshr.o(.text)
    __I$use$fp                               0x08000893   Thumb Code     0  iusefp.o(.text)
    _float_round                             0x08000893   Thumb Code    18  fepilogue.o(.text)
    _float_epilogue                          0x080008a5   Thumb Code    92  fepilogue.o(.text)
    _double_round                            0x08000901   Thumb Code    26  depilogue.o(.text)
    _double_epilogue                         0x0800091b   Thumb Code   156  depilogue.o(.text)
    _dsqrt                                   0x080009b7   Thumb Code   162  dsqrt.o(.text)
    __aeabi_d2ulz                            0x08000a59   Thumb Code    48  dfixul.o(.text)
    __aeabi_cdrcmple                         0x08000a89   Thumb Code    38  cdrcmple.o(.text)
    __scatterload                            0x08000ab1   Thumb Code    28  init.o(.text)
    __scatterload_rt2                        0x08000ab1   Thumb Code     0  init.o(.text)
    __aeabi_ui2d                             0x08000ad5   Thumb Code    26  dfltui.o(.text)
    BusFault_Handler                         0x08000aef   Thumb Code     2  stm32f1xx_it.o(i.BusFault_Handler)
    CalibrateMPU6050                         0x08000af1   Thumb Code   238  tj_mpu6050.o(i.CalibrateMPU6050)
    DMA1_Channel5_IRQHandler                 0x08000be9   Thumb Code     6  stm32f1xx_it.o(i.DMA1_Channel5_IRQHandler)
    DebugMon_Handler                         0x08000c1f   Thumb Code     2  stm32f1xx_it.o(i.DebugMon_Handler)
    ESP_CheckWifiConnect                     0x08000c21   Thumb Code    74  at_esp8266.o(i.ESP_CheckWifiConnect)
    ESP_CloseConnect                         0x08000c8d   Thumb Code    50  at_esp8266.o(i.ESP_CloseConnect)
    ESP_CloseTransparent                     0x08000ce1   Thumb Code    46  at_esp8266.o(i.ESP_CloseTransparent)
    ESP_Init                                 0x08000d19   Thumb Code    86  at_esp8266.o(i.ESP_Init)
    ESP_SendCommand                          0x08000d99   Thumb Code    48  at_esp8266.o(i.ESP_SendCommand)
    ESP_SetIP                                0x08000dd5   Thumb Code    58  at_esp8266.o(i.ESP_SetIP)
    ESP_TCP_CreateTransparentMode            0x08000e31   Thumb Code   120  at_esp8266.o(i.ESP_TCP_CreateTransparentMode)
    ESP_TransparentSend                      0x08000efd   Thumb Code    24  at_esp8266.o(i.ESP_TransparentSend)
    ESP_WifiConnect                          0x08000f19   Thumb Code    62  at_esp8266.o(i.ESP_WifiConnect)
    Error_Handler                            0x08000f81   Thumb Code     4  main.o(i.Error_Handler)
    FLASH_PageErase                          0x08000fa9   Thumb Code    28  stm32f1xx_hal_flash_ex.o(i.FLASH_PageErase)
    FLASH_WaitForLastOperation               0x08001045   Thumb Code    80  stm32f1xx_hal_flash.o(i.FLASH_WaitForLastOperation)
    HAL_DMA_Abort                            0x08001099   Thumb Code    70  stm32f1xx_hal_dma.o(i.HAL_DMA_Abort)
    HAL_DMA_Abort_IT                         0x080010e1   Thumb Code   296  stm32f1xx_hal_dma.o(i.HAL_DMA_Abort_IT)
    HAL_DMA_IRQHandler                       0x08001211   Thumb Code   552  stm32f1xx_hal_dma.o(i.HAL_DMA_IRQHandler)
    HAL_DMA_Init                             0x08001459   Thumb Code   112  stm32f1xx_hal_dma.o(i.HAL_DMA_Init)
    HAL_DMA_Start_IT                         0x080014d5   Thumb Code   112  stm32f1xx_hal_dma.o(i.HAL_DMA_Start_IT)
    HAL_Delay                                0x08001545   Thumb Code    32  stm32f1xx_hal.o(i.HAL_Delay)
    HAL_FLASHEx_Erase                        0x08001569   Thumb Code   160  stm32f1xx_hal_flash_ex.o(i.HAL_FLASHEx_Erase)
    HAL_FLASH_Lock                           0x08001611   Thumb Code    14  stm32f1xx_hal_flash.o(i.HAL_FLASH_Lock)
    HAL_FLASH_Program                        0x08001625   Thumb Code   120  stm32f1xx_hal_flash.o(i.HAL_FLASH_Program)
    HAL_FLASH_Unlock                         0x080016a5   Thumb Code    28  stm32f1xx_hal_flash.o(i.HAL_FLASH_Unlock)
    HAL_GPIO_Init                            0x080016cd   Thumb Code   462  stm32f1xx_hal_gpio.o(i.HAL_GPIO_Init)
    HAL_GetTick                              0x080018c5   Thumb Code     6  stm32f1xx_hal.o(i.HAL_GetTick)
    HAL_I2C_Init                             0x080018d1   Thumb Code   364  stm32f1xx_hal_i2c.o(i.HAL_I2C_Init)
    HAL_I2C_Master_Receive                   0x08001a4d   Thumb Code   564  stm32f1xx_hal_i2c.o(i.HAL_I2C_Master_Receive)
    HAL_I2C_Master_Transmit                  0x08001c91   Thumb Code   290  stm32f1xx_hal_i2c.o(i.HAL_I2C_Master_Transmit)
    HAL_I2C_MspInit                          0x08001dbd   Thumb Code    80  stm32f1xx_hal_msp.o(i.HAL_I2C_MspInit)
    HAL_IncTick                              0x08001e19   Thumb Code    12  stm32f1xx_hal.o(i.HAL_IncTick)
    HAL_Init                                 0x08001e29   Thumb Code    32  stm32f1xx_hal.o(i.HAL_Init)
    HAL_InitTick                             0x08001e4d   Thumb Code    54  stm32f1xx_hal.o(i.HAL_InitTick)
    HAL_MspInit                              0x08001e8d   Thumb Code    52  stm32f1xx_hal_msp.o(i.HAL_MspInit)
    HAL_NVIC_EnableIRQ                       0x08001ec9   Thumb Code    26  stm32f1xx_hal_cortex.o(i.HAL_NVIC_EnableIRQ)
    HAL_NVIC_SetPriority                     0x08001ee5   Thumb Code    60  stm32f1xx_hal_cortex.o(i.HAL_NVIC_SetPriority)
    HAL_NVIC_SetPriorityGrouping             0x08001f25   Thumb Code    26  stm32f1xx_hal_cortex.o(i.HAL_NVIC_SetPriorityGrouping)
    HAL_RCC_ClockConfig                      0x08001f49   Thumb Code   280  stm32f1xx_hal_rcc.o(i.HAL_RCC_ClockConfig)
    HAL_RCC_GetPCLK1Freq                     0x08002075   Thumb Code    20  stm32f1xx_hal_rcc.o(i.HAL_RCC_GetPCLK1Freq)
    HAL_RCC_GetPCLK2Freq                     0x08002095   Thumb Code    20  stm32f1xx_hal_rcc.o(i.HAL_RCC_GetPCLK2Freq)
    HAL_RCC_GetSysClockFreq                  0x080020b5   Thumb Code    74  stm32f1xx_hal_rcc.o(i.HAL_RCC_GetSysClockFreq)
    HAL_RCC_OscConfig                        0x08002121   Thumb Code   778  stm32f1xx_hal_rcc.o(i.HAL_RCC_OscConfig)
    HAL_SYSTICK_Config                       0x08002441   Thumb Code    40  stm32f1xx_hal_cortex.o(i.HAL_SYSTICK_Config)
    HAL_UARTEx_ReceiveToIdle_DMA             0x08002469   Thumb Code    74  stm32f1xx_hal_uart.o(i.HAL_UARTEx_ReceiveToIdle_DMA)
    HAL_UARTEx_RxEventCallback               0x080024b5   Thumb Code    50  main.o(i.HAL_UARTEx_RxEventCallback)
    HAL_UART_ErrorCallback                   0x080024f9   Thumb Code     2  stm32f1xx_hal_uart.o(i.HAL_UART_ErrorCallback)
    HAL_UART_IRQHandler                      0x080024fd   Thumb Code   520  stm32f1xx_hal_uart.o(i.HAL_UART_IRQHandler)
    HAL_UART_Init                            0x08002709   Thumb Code    98  stm32f1xx_hal_uart.o(i.HAL_UART_Init)
    HAL_UART_MspInit                         0x0800276d   Thumb Code   156  stm32f1xx_hal_msp.o(i.HAL_UART_MspInit)
    HAL_UART_RxCpltCallback                  0x0800281d   Thumb Code     2  stm32f1xx_hal_uart.o(i.HAL_UART_RxCpltCallback)
    HAL_UART_RxHalfCpltCallback              0x0800281f   Thumb Code     2  stm32f1xx_hal_uart.o(i.HAL_UART_RxHalfCpltCallback)
    HAL_UART_Transmit                        0x08002821   Thumb Code   178  stm32f1xx_hal_uart.o(i.HAL_UART_Transmit)
    HAL_UART_TxCpltCallback                  0x080028d3   Thumb Code     2  stm32f1xx_hal_uart.o(i.HAL_UART_TxCpltCallback)
    HardFault_Handler                        0x080028d5   Thumb Code     2  stm32f1xx_it.o(i.HardFault_Handler)
    I2C_Read                                 0x08002a8d   Thumb Code    60  tj_mpu6050.o(i.I2C_Read)
    I2C_Write8                               0x08002cc9   Thumb Code    38  tj_mpu6050.o(i.I2C_Write8)
    KalmanFilter                             0x08002cf5   Thumb Code   118  kalman.o(i.KalmanFilter)
    LienhopQuat                              0x08002d7d   Thumb Code    22  tinhtoan.o(i.LienhopQuat)
    MPU6050_Config                           0x08002d95   Thumb Code   176  tj_mpu6050.o(i.MPU6050_Config)
    MPU6050_Init                             0x08002e59   Thumb Code    20  tj_mpu6050.o(i.MPU6050_Init)
    MPU6050_Set_SMPRT_DIV                    0x08002e75   Thumb Code     8  tj_mpu6050.o(i.MPU6050_Set_SMPRT_DIV)
    Madgwick                                 0x08002e7d   Thumb Code  1350  tinhtoan.o(i.Madgwick)
    MemManage_Handler                        0x080033c9   Thumb Code     2  stm32f1xx_it.o(i.MemManage_Handler)
    NMI_Handler                              0x080033cb   Thumb Code     2  stm32f1xx_it.o(i.NMI_Handler)
    NhanQuat                                 0x080033cd   Thumb Code   280  tinhtoan.o(i.NhanQuat)
    PendSV_Handler                           0x080034e5   Thumb Code     2  stm32f1xx_it.o(i.PendSV_Handler)
    Q_init                                   0x080034e9   Thumb Code   588  tinhtoan.o(i.Q_init)
    ReadI2C_MPU                              0x08003751   Thumb Code   108  tj_mpu6050.o(i.ReadI2C_MPU)
    SVC_Handler                              0x080037c9   Thumb Code     2  stm32f1xx_it.o(i.SVC_Handler)
    Soft_Offset                              0x080037cd   Thumb Code    76  tj_mpu6050.o(i.Soft_Offset)
    Soft_SetOffset                           0x08003821   Thumb Code   184  tj_mpu6050.o(i.Soft_SetOffset)
    SysTick_Handler                          0x080038e5   Thumb Code     4  stm32f1xx_it.o(i.SysTick_Handler)
    SystemClock_Config                       0x080038e9   Thumb Code    80  main.o(i.SystemClock_Config)
    SystemInit                               0x08003939   Thumb Code     2  system_stm32f1xx.o(i.SystemInit)
    UART_Start_Receive_DMA                   0x08003b8d   Thumb Code    98  stm32f1xx_hal_uart.o(i.UART_Start_Receive_DMA)
    USART1_IRQHandler                        0x08003c61   Thumb Code     6  stm32f1xx_it.o(i.USART1_IRQHandler)
    UsageFault_Handler                       0x08003c6d   Thumb Code     2  stm32f1xx_it.o(i.UsageFault_Handler)
    __0sprintf                               0x08003c71   Thumb Code    34  printfa.o(i.__0sprintf)
    __1sprintf                               0x08003c71   Thumb Code     0  printfa.o(i.__0sprintf)
    __2sprintf                               0x08003c71   Thumb Code     0  printfa.o(i.__0sprintf)
    __c89sprintf                             0x08003c71   Thumb Code     0  printfa.o(i.__0sprintf)
    sprintf                                  0x08003c71   Thumb Code     0  printfa.o(i.__0sprintf)
    __ARM_fpclassify                         0x08003c99   Thumb Code    40  fpclassify.o(i.__ARM_fpclassify)
    __ieee754_rem_pio2                       0x08003ce1   Thumb Code   830  rred.o(i.__ieee754_rem_pio2)
    __kernel_cos                             0x08004069   Thumb Code   230  cos_i.o(i.__kernel_cos)
    __kernel_poly                            0x08004165   Thumb Code   170  poly.o(i.__kernel_poly)
    __kernel_sin                             0x08004211   Thumb Code   224  sin_i.o(i.__kernel_sin)
    __mathlib_dbl_underflow                  0x080042fd   Thumb Code    10  dunder.o(i.__mathlib_dbl_underflow)
    __scatterload_copy                       0x0800430d   Thumb Code    14  handlers.o(i.__scatterload_copy)
    __scatterload_null                       0x0800431b   Thumb Code     2  handlers.o(i.__scatterload_null)
    __scatterload_zeroinit                   0x0800431d   Thumb Code    14  handlers.o(i.__scatterload_zeroinit)
    __set_errno                              0x0800432d   Thumb Code     6  errno.o(i.__set_errno)
    asin                                     0x08004bd5   Thumb Code   584  asin.o(i.asin)
    atan                                     0x08004e51   Thumb Code   478  atan.o(i.atan)
    atan2                                    0x08005075   Thumb Code   346  atan2.o(i.atan2)
    cos                                      0x080051f5   Thumb Code   164  cos.o(i.cos)
    goc_Euler_Quat                           0x080052a1   Thumb Code   260  tinhtoan.o(i.goc_Euler_Quat)
    main                                     0x080053b5   Thumb Code  1648  main.o(i.main)
    sin                                      0x08005acd   Thumb Code   166  sin.o(i.sin)
    sqrt                                     0x08005b7d   Thumb Code    76  sqrt.o(i.sqrt)
    updateV_Quat                             0x08005bc9   Thumb Code   164  tinhtoan.o(i.updateV_Quat)
    AHBPrescTable                            0x08005c8c   Data          16  system_stm32f1xx.o(.constdata)
    APBPrescTable                            0x08005c9c   Data           8  system_stm32f1xx.o(.constdata)
    __mathlib_zero                           0x08005dc0   Data           8  qnan.o(.constdata)
    Region$$Table$$Base                      0x08005edc   Number         0  anon$$obj.o(Region$$Table)
    Region$$Table$$Limit                     0x08005efc   Number         0  anon$$obj.o(Region$$Table)
    transMode                                0x20000000   Data           1  at_esp8266.o(.data)
    TransparentProtocol                      0x20000001   Data           1  at_esp8266.o(.data)
    clientID                                 0x20000002   Data           1  at_esp8266.o(.data)
    lenBuffer                                0x20000004   Data           2  at_esp8266.o(.data)
    respond                                  0x20000008   Data           4  at_esp8266.o(.data)
    Mode                                     0x2000000c   Data           1  main.o(.data)
    serverPort                               0x2000000e   Data           2  main.o(.data)
    myssid                                   0x20000010   Data           4  main.o(.data)
    mypass                                   0x20000014   Data           4  main.o(.data)
    serverIP                                 0x20000018   Data           4  main.o(.data)
    T                                        0x2000001c   Data           4  main.o(.data)
    Pitch                                    0x20000020   Data           4  main.o(.data)
    Roll                                     0x20000024   Data           4  main.o(.data)
    Head                                     0x20000028   Data           4  main.o(.data)
    Vx                                       0x2000002c   Data           4  main.o(.data)
    Vy                                       0x20000030   Data           4  main.o(.data)
    X                                        0x20000034   Data           4  main.o(.data)
    Y                                        0x20000038   Data           4  main.o(.data)
    ax                                       0x2000003c   Data           4  main.o(.data)
    ay                                       0x20000040   Data           4  main.o(.data)
    az                                       0x20000044   Data           4  main.o(.data)
    wx                                       0x20000048   Data           4  main.o(.data)
    wy                                       0x2000004c   Data           4  main.o(.data)
    wz                                       0x20000050   Data           4  main.o(.data)
    countTest                                0x20000054   Data           4  main.o(.data)
    inCommand                                0x20000058   Data           5  main.o(.data)
    errtest                                  0x2000005e   Data           2  main.o(.data)
    gbiasx                                   0x20000060   Data           4  tinhtoan.o(.data)
    gbiasy                                   0x20000064   Data           4  tinhtoan.o(.data)
    gbiasz                                   0x20000068   Data           4  tinhtoan.o(.data)
    beta                                     0x2000006c   Data           4  tinhtoan.o(.data)
    zeta                                     0x20000070   Data           4  tinhtoan.o(.data)
    MpuConfig                                0x20000074   Data           4  tj_mpu6050.o(.data)
    accelScalingFactor                       0x20000078   Data           4  tj_mpu6050.o(.data)
    gyroScalingFactor                        0x2000007c   Data           4  tj_mpu6050.o(.data)
    Accel                                    0x20000080   Data           6  tj_mpu6050.o(.data)
    Gyro                                     0x20000086   Data           6  tj_mpu6050.o(.data)
    D                                        0x2000008c   Data          24  kalman.o(.data)
    uwTickFreq                               0x200000a4   Data           1  stm32f1xx_hal.o(.data)
    uwTickPrio                               0x200000a8   Data           4  stm32f1xx_hal.o(.data)
    uwTick                                   0x200000ac   Data           4  stm32f1xx_hal.o(.data)
    SystemCoreClock                          0x200000b0   Data           4  system_stm32f1xx.o(.data)
    request                                  0x200000fc   Data         100  main.o(.bss)
    txdata                                   0x20000160   Data         100  main.o(.bss)
    hi2c1                                    0x200001c4   Data          84  main.o(.bss)
    huart1                                   0x20000218   Data          68  main.o(.bss)
    hdma_usart1_rx                           0x2000025c   Data          68  main.o(.bss)
    q                                        0x200002c4   Data          16  tinhtoan.o(.bss)
    aN                                       0x200002d4   Data          16  tinhtoan.o(.bss)
    accel_reg_bias                           0x20000338   Data          12  tj_mpu6050.o(.bss)
    gyr_reg_bias                             0x20000344   Data          12  tj_mpu6050.o(.bss)
    x                                        0x20000350   Data          24  kalman.o(.bss)
    pFlash                                   0x20000368   Data          32  stm32f1xx_hal_flash.o(.bss)
    __initial_sp                             0x20000788   Data           0  startup_stm32f103xe.o(STACK)



==============================================================================

Memory Map of the image

  Image Entry point : 0x08000131

  Load Region LR_IROM1 (Base: 0x08000000, Size: 0x00005fb4, Max: 0x00040000, ABSOLUTE)

    Execution Region ER_IROM1 (Base: 0x08000000, Size: 0x00005efc, Max: 0x00040000, ABSOLUTE)

    Base Addr    Size         Type   Attr      Idx    E Section Name        Object

    0x08000000   0x00000130   Data   RO            3    RESET               startup_stm32f103xe.o
    0x08000130   0x00000000   Code   RO         2574  * .ARM.Collect$$$$00000000  mc_w.l(entry.o)
    0x08000130   0x00000004   Code   RO         2913    .ARM.Collect$$$$00000001  mc_w.l(entry2.o)
    0x08000134   0x00000004   Code   RO         2916    .ARM.Collect$$$$00000004  mc_w.l(entry5.o)
    0x08000138   0x00000000   Code   RO         2918    .ARM.Collect$$$$00000008  mc_w.l(entry7b.o)
    0x08000138   0x00000000   Code   RO         2920    .ARM.Collect$$$$0000000A  mc_w.l(entry8b.o)
    0x08000138   0x00000008   Code   RO         2921    .ARM.Collect$$$$0000000B  mc_w.l(entry9a.o)
    0x08000140   0x00000000   Code   RO         2923    .ARM.Collect$$$$0000000D  mc_w.l(entry10a.o)
    0x08000140   0x00000000   Code   RO         2925    .ARM.Collect$$$$0000000F  mc_w.l(entry11a.o)
    0x08000140   0x00000004   Code   RO         2914    .ARM.Collect$$$$00002712  mc_w.l(entry2.o)
    0x08000144   0x00000024   Code   RO            4    .text               startup_stm32f103xe.o
    0x08000168   0x00000020   Code   RO         2577    .text               mc_w.l(llushr.o)
    0x08000188   0x00000024   Code   RO         2579    .text               mc_w.l(memcpya.o)
    0x080001ac   0x00000024   Code   RO         2581    .text               mc_w.l(memseta.o)
    0x080001d0   0x00000024   Code   RO         2583    .text               mc_w.l(strstr.o)
    0x080001f4   0x0000000e   Code   RO         2585    .text               mc_w.l(strlen.o)
    0x08000202   0x000000b0   Code   RO         2850    .text               mf_w.l(fadd.o)
    0x080002b2   0x00000064   Code   RO         2852    .text               mf_w.l(fmul.o)
    0x08000316   0x0000007c   Code   RO         2854    .text               mf_w.l(fdiv.o)
    0x08000392   0x00000018   Code   RO         2856    .text               mf_w.l(fscalb.o)
    0x080003aa   0x0000014e   Code   RO         2858    .text               mf_w.l(dadd.o)
    0x080004f8   0x000000e4   Code   RO         2860    .text               mf_w.l(dmul.o)
    0x080005dc   0x000000de   Code   RO         2862    .text               mf_w.l(ddiv.o)
    0x080006ba   0x0000002e   Code   RO         2864    .text               mf_w.l(dscalb.o)
    0x080006e8   0x00000012   Code   RO         2866    .text               mf_w.l(fflti.o)
    0x080006fa   0x0000000a   Code   RO         2868    .text               mf_w.l(ffltui.o)
    0x08000704   0x00000022   Code   RO         2870    .text               mf_w.l(dflti.o)
    0x08000726   0x0000003e   Code   RO         2872    .text               mf_w.l(dfixi.o)
    0x08000764   0x00000026   Code   RO         2874    .text               mf_w.l(f2d.o)
    0x0800078a   0x00000038   Code   RO         2876    .text               mf_w.l(d2f.o)
    0x080007c2   0x0000002c   Code   RO         2930    .text               mc_w.l(uidiv.o)
    0x080007ee   0x00000062   Code   RO         2932    .text               mc_w.l(uldiv.o)
    0x08000850   0x0000001e   Code   RO         2934    .text               mc_w.l(llshl.o)
    0x0800086e   0x00000024   Code   RO         2936    .text               mc_w.l(llsshr.o)
    0x08000892   0x00000000   Code   RO         2945    .text               mc_w.l(iusefp.o)
    0x08000892   0x0000006e   Code   RO         2946    .text               mf_w.l(fepilogue.o)
    0x08000900   0x000000b6   Code   RO         2950    .text               mf_w.l(depilogue.o)
    0x080009b6   0x000000a2   Code   RO         2952    .text               mf_w.l(dsqrt.o)
    0x08000a58   0x00000030   Code   RO         2956    .text               mf_w.l(dfixul.o)
    0x08000a88   0x00000028   Code   RO         2962    .text               mf_w.l(cdrcmple.o)
    0x08000ab0   0x00000024   Code   RO         2968    .text               mc_w.l(init.o)
    0x08000ad4   0x0000001a   Code   RO         2972    .text               mf_w.l(dfltui.o)
    0x08000aee   0x00000002   Code   RO          283    i.BusFault_Handler  stm32f1xx_it.o
    0x08000af0   0x000000f8   Code   RO          515    i.CalibrateMPU6050  tj_mpu6050.o
    0x08000be8   0x0000000c   Code   RO          284    i.DMA1_Channel5_IRQHandler  stm32f1xx_it.o
    0x08000bf4   0x0000002a   Code   RO         1479    i.DMA_SetConfig     stm32f1xx_hal_dma.o
    0x08000c1e   0x00000002   Code   RO          285    i.DebugMon_Handler  stm32f1xx_it.o
    0x08000c20   0x0000006c   Code   RO           13    i.ESP_CheckWifiConnect  at_esp8266.o
    0x08000c8c   0x00000054   Code   RO           14    i.ESP_CloseConnect  at_esp8266.o
    0x08000ce0   0x00000038   Code   RO           16    i.ESP_CloseTransparent  at_esp8266.o
    0x08000d18   0x00000080   Code   RO           17    i.ESP_Init          at_esp8266.o
    0x08000d98   0x0000003c   Code   RO           18    i.ESP_SendCommand   at_esp8266.o
    0x08000dd4   0x0000005c   Code   RO           20    i.ESP_SetIP         at_esp8266.o
    0x08000e30   0x000000cc   Code   RO           23    i.ESP_TCP_CreateTransparentMode  at_esp8266.o
    0x08000efc   0x0000001c   Code   RO           24    i.ESP_TransparentSend  at_esp8266.o
    0x08000f18   0x00000068   Code   RO           26    i.ESP_WifiConnect   at_esp8266.o
    0x08000f80   0x00000004   Code   RO          214    i.Error_Handler     main.o
    0x08000f84   0x00000024   Code   RO         1919    i.FLASH_MassErase   stm32f1xx_hal_flash_ex.o
    0x08000fa8   0x00000024   Code   RO         1924    i.FLASH_PageErase   stm32f1xx_hal_flash_ex.o
    0x08000fcc   0x0000001c   Code   RO         1816    i.FLASH_Program_HalfWord  stm32f1xx_hal_flash.o
    0x08000fe8   0x0000005c   Code   RO         1817    i.FLASH_SetErrorCode  stm32f1xx_hal_flash.o
    0x08001044   0x00000054   Code   RO         1818    i.FLASH_WaitForLastOperation  stm32f1xx_hal_flash.o
    0x08001098   0x00000046   Code   RO         1480    i.HAL_DMA_Abort     stm32f1xx_hal_dma.o
    0x080010de   0x00000002   PAD
    0x080010e0   0x00000130   Code   RO         1481    i.HAL_DMA_Abort_IT  stm32f1xx_hal_dma.o
    0x08001210   0x00000248   Code   RO         1485    i.HAL_DMA_IRQHandler  stm32f1xx_hal_dma.o
    0x08001458   0x0000007c   Code   RO         1486    i.HAL_DMA_Init      stm32f1xx_hal_dma.o
    0x080014d4   0x00000070   Code   RO         1490    i.HAL_DMA_Start_IT  stm32f1xx_hal_dma.o
    0x08001544   0x00000024   Code   RO         1108    i.HAL_Delay         stm32f1xx_hal.o
    0x08001568   0x000000a8   Code   RO         1925    i.HAL_FLASHEx_Erase  stm32f1xx_hal_flash_ex.o
    0x08001610   0x00000014   Code   RO         1822    i.HAL_FLASH_Lock    stm32f1xx_hal_flash.o
    0x08001624   0x00000080   Code   RO         1827    i.HAL_FLASH_Program  stm32f1xx_hal_flash.o
    0x080016a4   0x00000028   Code   RO         1829    i.HAL_FLASH_Unlock  stm32f1xx_hal_flash.o
    0x080016cc   0x000001f8   Code   RO         1416    i.HAL_GPIO_Init     stm32f1xx_hal_gpio.o
    0x080018c4   0x0000000c   Code   RO         1112    i.HAL_GetTick       stm32f1xx_hal.o
    0x080018d0   0x0000017c   Code   RO          680    i.HAL_I2C_Init      stm32f1xx_hal_i2c.o
    0x08001a4c   0x00000244   Code   RO          686    i.HAL_I2C_Master_Receive  stm32f1xx_hal_i2c.o
    0x08001c90   0x0000012c   Code   RO          693    i.HAL_I2C_Master_Transmit  stm32f1xx_hal_i2c.o
    0x08001dbc   0x0000005c   Code   RO          372    i.HAL_I2C_MspInit   stm32f1xx_hal_msp.o
    0x08001e18   0x00000010   Code   RO         1118    i.HAL_IncTick       stm32f1xx_hal.o
    0x08001e28   0x00000024   Code   RO         1119    i.HAL_Init          stm32f1xx_hal.o
    0x08001e4c   0x00000040   Code   RO         1120    i.HAL_InitTick      stm32f1xx_hal.o
    0x08001e8c   0x0000003c   Code   RO          373    i.HAL_MspInit       stm32f1xx_hal_msp.o
    0x08001ec8   0x0000001a   Code   RO         1576    i.HAL_NVIC_EnableIRQ  stm32f1xx_hal_cortex.o
    0x08001ee2   0x00000002   PAD
    0x08001ee4   0x00000040   Code   RO         1582    i.HAL_NVIC_SetPriority  stm32f1xx_hal_cortex.o
    0x08001f24   0x00000024   Code   RO         1583    i.HAL_NVIC_SetPriorityGrouping  stm32f1xx_hal_cortex.o
    0x08001f48   0x0000012c   Code   RO         1276    i.HAL_RCC_ClockConfig  stm32f1xx_hal_rcc.o
    0x08002074   0x00000020   Code   RO         1283    i.HAL_RCC_GetPCLK1Freq  stm32f1xx_hal_rcc.o
    0x08002094   0x00000020   Code   RO         1284    i.HAL_RCC_GetPCLK2Freq  stm32f1xx_hal_rcc.o
    0x080020b4   0x0000006c   Code   RO         1285    i.HAL_RCC_GetSysClockFreq  stm32f1xx_hal_rcc.o
    0x08002120   0x00000320   Code   RO         1288    i.HAL_RCC_OscConfig  stm32f1xx_hal_rcc.o
    0x08002440   0x00000028   Code   RO         1587    i.HAL_SYSTICK_Config  stm32f1xx_hal_cortex.o
    0x08002468   0x0000004a   Code   RO         2121    i.HAL_UARTEx_ReceiveToIdle_DMA  stm32f1xx_hal_uart.o
    0x080024b2   0x00000002   PAD
    0x080024b4   0x00000044   Code   RO          215    i.HAL_UARTEx_RxEventCallback  main.o
    0x080024f8   0x00000002   Code   RO         2137    i.HAL_UART_ErrorCallback  stm32f1xx_hal_uart.o
    0x080024fa   0x00000002   PAD
    0x080024fc   0x0000020c   Code   RO         2140    i.HAL_UART_IRQHandler  stm32f1xx_hal_uart.o
    0x08002708   0x00000062   Code   RO         2141    i.HAL_UART_Init     stm32f1xx_hal_uart.o
    0x0800276a   0x00000002   PAD
    0x0800276c   0x000000b0   Code   RO          375    i.HAL_UART_MspInit  stm32f1xx_hal_msp.o
    0x0800281c   0x00000002   Code   RO         2147    i.HAL_UART_RxCpltCallback  stm32f1xx_hal_uart.o
    0x0800281e   0x00000002   Code   RO         2148    i.HAL_UART_RxHalfCpltCallback  stm32f1xx_hal_uart.o
    0x08002820   0x000000b2   Code   RO         2149    i.HAL_UART_Transmit  stm32f1xx_hal_uart.o
    0x080028d2   0x00000002   Code   RO         2152    i.HAL_UART_TxCpltCallback  stm32f1xx_hal_uart.o
    0x080028d4   0x00000002   Code   RO          286    i.HardFault_Handler  stm32f1xx_it.o
    0x080028d6   0x0000002e   Code   RO          722    i.I2C_IsAcknowledgeFailed  stm32f1xx_hal_i2c.o
    0x08002904   0x000000ec   Code   RO          725    i.I2C_MasterRequestRead  stm32f1xx_hal_i2c.o
    0x080029f0   0x0000009c   Code   RO          726    i.I2C_MasterRequestWrite  stm32f1xx_hal_i2c.o
    0x08002a8c   0x00000040   Code   RO          516    i.I2C_Read          tj_mpu6050.o
    0x08002acc   0x0000004c   Code   RO          737    i.I2C_WaitOnBTFFlagUntilTimeout  stm32f1xx_hal_i2c.o
    0x08002b18   0x00000068   Code   RO          738    i.I2C_WaitOnFlagUntilTimeout  stm32f1xx_hal_i2c.o
    0x08002b80   0x00000096   Code   RO          739    i.I2C_WaitOnMasterAddressFlagUntilTimeout  stm32f1xx_hal_i2c.o
    0x08002c16   0x00000066   Code   RO          740    i.I2C_WaitOnRXNEFlagUntilTimeout  stm32f1xx_hal_i2c.o
    0x08002c7c   0x0000004c   Code   RO          741    i.I2C_WaitOnTXEFlagUntilTimeout  stm32f1xx_hal_i2c.o
    0x08002cc8   0x0000002c   Code   RO          517    i.I2C_Write8        tj_mpu6050.o
    0x08002cf4   0x00000088   Code   RO          611    i.KalmanFilter      kalman.o
    0x08002d7c   0x00000016   Code   RO          418    i.LienhopQuat       tinhtoan.o
    0x08002d92   0x00000002   PAD
    0x08002d94   0x000000c4   Code   RO          518    i.MPU6050_Config    tj_mpu6050.o
    0x08002e58   0x0000001c   Code   RO          521    i.MPU6050_Init      tj_mpu6050.o
    0x08002e74   0x00000008   Code   RO          523    i.MPU6050_Set_SMPRT_DIV  tj_mpu6050.o
    0x08002e7c   0x0000054c   Code   RO          419    i.Madgwick          tinhtoan.o
    0x080033c8   0x00000002   Code   RO          287    i.MemManage_Handler  stm32f1xx_it.o
    0x080033ca   0x00000002   Code   RO          288    i.NMI_Handler       stm32f1xx_it.o
    0x080033cc   0x00000118   Code   RO          420    i.NhanQuat          tinhtoan.o
    0x080034e4   0x00000002   Code   RO          289    i.PendSV_Handler    stm32f1xx_it.o
    0x080034e6   0x00000002   PAD
    0x080034e8   0x00000268   Code   RO          421    i.Q_init            tinhtoan.o
    0x08003750   0x00000078   Code   RO          524    i.ReadI2C_MPU       tj_mpu6050.o
    0x080037c8   0x00000002   Code   RO          290    i.SVC_Handler       stm32f1xx_it.o
    0x080037ca   0x00000002   PAD
    0x080037cc   0x00000054   Code   RO          526    i.Soft_Offset       tj_mpu6050.o
    0x08003820   0x000000c4   Code   RO          527    i.Soft_SetOffset    tj_mpu6050.o
    0x080038e4   0x00000004   Code   RO          291    i.SysTick_Handler   stm32f1xx_it.o
    0x080038e8   0x00000050   Code   RO          216    i.SystemClock_Config  main.o
    0x08003938   0x00000002   Code   RO         2470    i.SystemInit        system_stm32f1xx.o
    0x0800393a   0x00000010   Code   RO         2154    i.UART_DMAAbortOnError  stm32f1xx_hal_uart.o
    0x0800394a   0x0000004a   Code   RO         2155    i.UART_DMAError     stm32f1xx_hal_uart.o
    0x08003994   0x0000005a   Code   RO         2156    i.UART_DMAReceiveCplt  stm32f1xx_hal_uart.o
    0x080039ee   0x0000001a   Code   RO         2158    i.UART_DMARxHalfCplt  stm32f1xx_hal_uart.o
    0x08003a08   0x00000030   Code   RO         2164    i.UART_EndRxTransfer  stm32f1xx_hal_uart.o
    0x08003a38   0x00000012   Code   RO         2165    i.UART_EndTxTransfer  stm32f1xx_hal_uart.o
    0x08003a4a   0x000000b6   Code   RO         2166    i.UART_Receive_IT   stm32f1xx_hal_uart.o
    0x08003b00   0x0000008c   Code   RO         2167    i.UART_SetConfig    stm32f1xx_hal_uart.o
    0x08003b8c   0x00000070   Code   RO         2168    i.UART_Start_Receive_DMA  stm32f1xx_hal_uart.o
    0x08003bfc   0x00000064   Code   RO         2170    i.UART_WaitOnFlagUntilTimeout  stm32f1xx_hal_uart.o
    0x08003c60   0x0000000c   Code   RO          292    i.USART1_IRQHandler  stm32f1xx_it.o
    0x08003c6c   0x00000002   Code   RO          293    i.UsageFault_Handler  stm32f1xx_it.o
    0x08003c6e   0x00000002   PAD
    0x08003c70   0x00000028   Code   RO         2824    i.__0sprintf        mc_w.l(printfa.o)
    0x08003c98   0x00000028   Code   RO         2893    i.__ARM_fpclassify  m_ws.l(fpclassify.o)
    0x08003cc0   0x00000020   Code   RO         1589    i.__NVIC_SetPriority  stm32f1xx_hal_cortex.o
    0x08003ce0   0x00000388   Code   RO         2902    i.__ieee754_rem_pio2  m_ws.l(rred.o)
    0x08004068   0x000000fc   Code   RO         2888    i.__kernel_cos      m_ws.l(cos_i.o)
    0x08004164   0x000000aa   Code   RO         2899    i.__kernel_poly     m_ws.l(poly.o)
    0x0800420e   0x00000002   PAD
    0x08004210   0x000000ec   Code   RO         2907    i.__kernel_sin      m_ws.l(sin_i.o)
    0x080042fc   0x00000010   Code   RO         2891    i.__mathlib_dbl_underflow  m_ws.l(dunder.o)
    0x0800430c   0x0000000e   Code   RO         2976    i.__scatterload_copy  mc_w.l(handlers.o)
    0x0800431a   0x00000002   Code   RO         2977    i.__scatterload_null  mc_w.l(handlers.o)
    0x0800431c   0x0000000e   Code   RO         2978    i.__scatterload_zeroinit  mc_w.l(handlers.o)
    0x0800432a   0x00000002   PAD
    0x0800432c   0x0000000c   Code   RO         2940    i.__set_errno       mc_w.l(errno.o)
    0x08004338   0x00000164   Code   RO         2829    i._fp_digits        mc_w.l(printfa.o)
    0x0800449c   0x000006dc   Code   RO         2830    i._printf_core      mc_w.l(printfa.o)
    0x08004b78   0x00000024   Code   RO         2831    i._printf_post_padding  mc_w.l(printfa.o)
    0x08004b9c   0x0000002e   Code   RO         2832    i._printf_pre_padding  mc_w.l(printfa.o)
    0x08004bca   0x0000000a   Code   RO         2834    i._sputc            mc_w.l(printfa.o)
    0x08004bd4   0x0000027c   Code   RO         2505    i.asin              m_ws.l(asin.o)
    0x08004e50   0x00000224   Code   RO         2879    i.atan              m_ws.l(atan.o)
    0x08005074   0x00000180   Code   RO         2515    i.atan2             m_ws.l(atan2.o)
    0x080051f4   0x000000ac   Code   RO         2531    i.cos               m_ws.l(cos.o)
    0x080052a0   0x00000114   Code   RO          423    i.goc_Euler_Quat    tinhtoan.o
    0x080053b4   0x00000718   Code   RO          217    i.main              main.o
    0x08005acc   0x000000b0   Code   RO         2551    i.sin               m_ws.l(sin.o)
    0x08005b7c   0x0000004c   Code   RO         2559    i.sqrt              m_ws.l(sqrt.o)
    0x08005bc8   0x000000c4   Code   RO          429    i.updateV_Quat      tinhtoan.o
    0x08005c8c   0x00000010   Data   RO         2471    .constdata          system_stm32f1xx.o
    0x08005c9c   0x00000008   Data   RO         2472    .constdata          system_stm32f1xx.o
    0x08005ca4   0x00000004   PAD
    0x08005ca8   0x00000050   Data   RO         2506    .constdata          m_ws.l(asin.o)
    0x08005cf8   0x00000098   Data   RO         2880    .constdata          m_ws.l(atan.o)
    0x08005d90   0x00000030   Data   RO         2889    .constdata          m_ws.l(cos_i.o)
    0x08005dc0   0x00000008   Data   RO         2901    .constdata          m_ws.l(qnan.o)
    0x08005dc8   0x000000c8   Data   RO         2904    .constdata          m_ws.l(rred.o)
    0x08005e90   0x00000028   Data   RO         2908    .constdata          m_ws.l(sin_i.o)
    0x08005eb8   0x00000022   Data   RO          220    .conststring        main.o
    0x08005eda   0x00000002   PAD
    0x08005edc   0x00000020   Data   RO         2974    Region$$Table       anon$$obj.o


    Execution Region RW_IRAM1 (Base: 0x20000000, Size: 0x00000788, Max: 0x0000c000, ABSOLUTE)

    Base Addr    Size         Type   Attr      Idx    E Section Name        Object

    0x20000000   0x0000000c   Data   RW           28    .data               at_esp8266.o
    0x2000000c   0x00000051   Data   RW          221    .data               main.o
    0x2000005d   0x00000001   PAD
    0x2000005e   0x00000002   Data   RW          222    .data               main.o
    0x20000060   0x00000014   Data   RW          431    .data               tinhtoan.o
    0x20000074   0x00000018   Data   RW          529    .data               tj_mpu6050.o
    0x2000008c   0x00000018   Data   RW          613    .data               kalman.o
    0x200000a4   0x0000000c   Data   RW         1126    .data               stm32f1xx_hal.o
    0x200000b0   0x00000004   Data   RW         2473    .data               system_stm32f1xx.o
    0x200000b4   0x00000004   Data   RW         2941    .data               mc_w.l(errno.o)
    0x200000b8   0x00000044   Zero   RW           27    .bss                at_esp8266.o
    0x200000fc   0x00000160   Zero   RW          218    .bss                main.o
    0x2000025c   0x00000044   Zero   RW          219    .bss                main.o
    0x200002a0   0x00000044   Zero   RW          430    .bss                tinhtoan.o
    0x200002e4   0x0000006c   Zero   RW          528    .bss                tj_mpu6050.o
    0x20000350   0x00000018   Zero   RW          612    .bss                kalman.o
    0x20000368   0x00000020   Zero   RW         1830    .bss                stm32f1xx_hal_flash.o
    0x20000388   0x00000400   Zero   RW            1    STACK               startup_stm32f103xe.o


==============================================================================

Image component sizes


      Code (inc. data)   RO Data    RW Data    ZI Data      Debug   Object Name

       864        296          0         12         68     474349   at_esp8266.o
       136         18          0         24         24       1201   kalman.o
      1968        282         34         83        420       7565   main.o
        36          8        304          0       1024        820   startup_stm32f103xe.o
       164         28          0         12          0       6565   stm32f1xx_hal.o
       198         14          0          0          0      28683   stm32f1xx_hal_cortex.o
      1236         52          0          0          0       4758   stm32f1xx_hal_dma.o
       392         46          0          0         32       4522   stm32f1xx_hal_flash.o
       240         26          0          0          0       3165   stm32f1xx_hal_flash_ex.o
       504         42          0          0          0       2048   stm32f1xx_hal_gpio.o
      2206         54          0          0          0      10806   stm32f1xx_hal_i2c.o
       328         40          0          0          0       2364   stm32f1xx_hal_msp.o
      1272        100          0          0          0       5032   stm32f1xx_hal_rcc.o
      1688         22          0          0          0      12601   stm32f1xx_hal_uart.o
        44         12          0          0          0       4925   stm32f1xx_it.o
         2          0         24          4          0       1167   system_stm32f1xx.o
      2746        118          0         20         68       5758   tinhtoan.o
       988         80          0         24        108       6644   tj_mpu6050.o

    ----------------------------------------------------------------------
     15030       1238        400        180       1744     582973   Object Totals
         0          0         32          0          0          0   (incl. Generated)
        18          0          6          1          0          0   (incl. Padding)

    ----------------------------------------------------------------------

      Code (inc. data)   RO Data    RW Data    ZI Data      Debug   Library Member Name

       636         52         80          0          0        168   asin.o
       548         70        152          0          0        124   atan.o
       384         38          0          0          0        144   atan2.o
       172          8          0          0          0        112   cos.o
       252         22         48          0          0        124   cos_i.o
        16          6          0          0          0         68   dunder.o
        40          0          0          0          0         68   fpclassify.o
       170          0          0          0          0         96   poly.o
         0          0          8          0          0          0   qnan.o
       904         74        200          0          0        140   rred.o
       176         10          0          0          0        116   sin.o
       236         12         40          0          0        128   sin_i.o
        76          0          0          0          0         84   sqrt.o
         0          0          0          0          0          0   entry.o
         0          0          0          0          0          0   entry10a.o
         0          0          0          0          0          0   entry11a.o
         8          4          0          0          0          0   entry2.o
         4          0          0          0          0          0   entry5.o
         0          0          0          0          0          0   entry7b.o
         0          0          0          0          0          0   entry8b.o
         8          4          0          0          0          0   entry9a.o
        12          6          0          4          0         68   errno.o
        30          0          0          0          0          0   handlers.o
        36          8          0          0          0         68   init.o
         0          0          0          0          0          0   iusefp.o
        30          0          0          0          0         68   llshl.o
        36          0          0          0          0         68   llsshr.o
        32          0          0          0          0         68   llushr.o
        36          0          0          0          0         68   memcpya.o
        36          0          0          0          0        108   memseta.o
      2244         86          0          0          0        512   printfa.o
        14          0          0          0          0         68   strlen.o
        36          0          0          0          0         80   strstr.o
        44          0          0          0          0         80   uidiv.o
        98          0          0          0          0         92   uldiv.o
        40          2          0          0          0         68   cdrcmple.o
        56          0          0          0          0         88   d2f.o
       334          0          0          0          0        148   dadd.o
       222          0          0          0          0        100   ddiv.o
       182          0          0          0          0        176   depilogue.o
        62          0          0          0          0         80   dfixi.o
        48          0          0          0          0         68   dfixul.o
        34          0          0          0          0         76   dflti.o
        26          0          0          0          0         76   dfltui.o
       228          0          0          0          0         96   dmul.o
        46          0          0          0          0         80   dscalb.o
       162          0          0          0          0        100   dsqrt.o
        38          0          0          0          0         68   f2d.o
       176          0          0          0          0        140   fadd.o
       124          0          0          0          0         88   fdiv.o
       110          0          0          0          0        168   fepilogue.o
        18          0          0          0          0         68   fflti.o
        10          0          0          0          0         68   ffltui.o
       100          0          0          0          0         76   fmul.o
        24          0          0          0          0         68   fscalb.o

    ----------------------------------------------------------------------
      8358        402        528          4          0       4620   Library Totals
         4          0          0          0          0          0   (incl. Padding)

    ----------------------------------------------------------------------

      Code (inc. data)   RO Data    RW Data    ZI Data      Debug   Library Name

      3610        292        528          0          0       1372   m_ws.l
      2704        108          0          4          0       1348   mc_w.l
      2040          2          0          0          0       1900   mf_w.l

    ----------------------------------------------------------------------
      8358        402        528          4          0       4620   Library Totals

    ----------------------------------------------------------------------

==============================================================================


      Code (inc. data)   RO Data    RW Data    ZI Data      Debug   

     23388       1640        928        184       1744     580049   Grand Totals
     23388       1640        928        184       1744     580049   ELF Image Totals
     23388       1640        928        184          0          0   ROM Totals

==============================================================================

    Total RO  Size (Code + RO Data)                24316 (  23.75kB)
    Total RW  Size (RW Data + ZI Data)              1928 (   1.88kB)
    Total ROM Size (Code + RO Data + RW Data)      24500 (  23.93kB)

==============================================================================

