<html>
<body>
<pre>
<h1>µVision Build Log</h1>
<h2>Project:</h2>
D:\TAILIEU\MyProject\Project_inear_nav\STM32_ESP8266\STM_ESP_Server\MDK-ARM\STM_ESP_Server.uvprojx
Project File Date:  09/09/2021

<h2>Output:</h2>
Build target 'STM_ESP_Server'
compiling AT_Esp8266.c...
linking...
Program Size: Code=20068 RO-data=928 RW-data=164 ZI-data=1628  
FromELF: creating hex file...
"STM_ESP_Server\STM_ESP_Server.axf" - 0 Error(s), 0 Warning(s).

<h2>Software Packages used:</h2>

Package Vendor: ARM
                http://www.keil.com/pack/ARM.CMSIS.3.20.4.pack
                ARM::CMSIS:CORE:3.20.0
                Cortex Microcontroller Software Interface Standard (CMSIS) CORE, DSP, RTOS, Driver
   * Component: CORE Version: 3.20.0

<h2>Collection of Component include folders:</h2>
  D:\TAILIEU\MyProject\Project_inear_nav\STM32_ESP8266\STM_ESP_Server\MDK-ARM\RTE
  D:\Program Files\keil u5\ARM\PACK\ARM\CMSIS\3.20.4\CMSIS\Include
  D:\Program Files\keil u5\ARM\PACK\Keil\STM32F1xx_DFP\1.0.5\Device\Include

<h2>Collection of Component Files used:</h2>

   * Component: ARM::CMSIS:CORE:3.20.0
Load "STM_ESP_Server\\STM_ESP_Server.axf" 
Erase Done.
Programming Done.
Verify OK.
rver\MDK-ARM\RTE
  D:\Program Files\keil u5\ARM\PACK\ARM\CMSIS\3.20.4\CMSIS\Include
  D:\Program Files\keil u5\ARM\PACK\Keil\STM32F1xx_DFP\1.0.5\Device\Include

<h2>Collection of Component Files used:</h2>

   * Component: ARM::CMSIS:CORE:3.20.0
Target not created
r\MDK-ARM\RTE
  D:\Program Files\keil u5\ARM\PACK\ARM\CMSIS\3.20.4\CMSIS\Include
  D:\Program Files\keil u5\ARM\PACK\Keil\STM32F1xx_DFP\1.0.5\Device\Include

<h2>Collection of Component Files used:</h2>

   * Component: ARM::CMSIS:CORE:3.20.0
Load "STM_ESP_Server\\STM_ESP_Server.axf" 
Erase Done.
Programming Done.
Verify OK.
Internal command error
Internal command error
Load "STM_ESP_Server\\STM_ESP_Server.axf" 
Erase Done.
Programming Done.
Verify OK.
